00:36:21 **** Build of configuration Debug for project Lab05_2 ****
make -j16 all 
arm-none-eabi-size   Lab05_2.elf 
   text	   data	    bss	    dec	    hex	filename
  37936	    480	   2224	  40640	   9ec0	Lab05_2.elf
Finished building: default.size.stdout
 
16:43:45 **** Incremental Build of configuration Debug for project Lab05_2 ****
make -j16 all 
arm-none-eabi-size   Lab05_2.elf 
   text	   data	    bss	    dec	    hex	filename
  37936	    480	   2224	  40640	   9ec0	Lab05_2.elf
Finished building: default.size.stdout
 
16:53:07 **** Incremental Build of configuration Debug for project Lab05_2 ****
make -j16 all 
arm-none-eabi-gcc "../Core/Src/main.c" -mcpu=cortex-m7 -std=gnu11 -g3 -DDEBUG -DUSE_HAL_DRIVER -DSTM32F767xx -c -I../Core/Inc -I../Drivers/STM32F7xx_HAL_Driver/Inc -I../Drivers/STM32F7xx_HAL_Driver/Inc/Legacy -I../Drivers/CMSIS/Device/ST/STM32F7xx/Include -I../Drivers/CMSIS/Include -O0 -ffunction-sections -fdata-sections -Wall -fstack-usage -fcyclomatic-complexity -MMD -MP -MF"Core/Src/main.d" -MT"Core/Src/main.o" --specs=nano.specs -mfpu=fpv5-d16 -mfloat-abi=hard -mthumb -o "Core/Src/main.o"
../Core/Src/main.c: In function 'main':
../Core/Src/main.c:114:17: warning: implicit declaration of function 'sprintf' [-Wimplicit-function-declaration]
  114 |                 sprintf(txt,
      |                 ^~~~~~~
../Core/Src/main.c:25:1: note: include '<stdio.h>' or provide a declaration of 'sprintf'
   24 | #include "gpio.h"
  +++ |+#include <stdio.h>
   25 | 
../Core/Src/main.c:114:17: warning: incompatible implicit declaration of built-in function 'sprintf' [-Wbuiltin-declaration-mismatch]
  114 |                 sprintf(txt,
      |                 ^~~~~~~
../Core/Src/main.c:114:17: note: include '<stdio.h>' or provide a declaration of 'sprintf'
../Core/Src/main.c:131:60: warning: implicit declaration of function 'strlen' [-Wimplicit-function-declaration]
  131 |                 HAL_UART_Transmit(&huart3, (uint8_t*) txt, strlen(txt), 1000);
      |                                                            ^~~~~~
../Core/Src/main.c:25:1: note: include '<string.h>' or provide a declaration of 'strlen'
   24 | #include "gpio.h"
  +++ |+#include <string.h>
   25 | 
../Core/Src/main.c:131:60: warning: incompatible implicit declaration of built-in function 'strlen' [-Wbuiltin-declaration-mismatch]
  131 |                 HAL_UART_Transmit(&huart3, (uint8_t*) txt, strlen(txt), 1000);
      |                                                            ^~~~~~
../Core/Src/main.c:131:60: note: include '<string.h>' or provide a declaration of 'strlen'
../Core/Src/main.c:115:33: warning: 'V 

Resistor_2 : CH2 0x' directive writing 23 bytes into a region of size between 0 and 19 [-Wformat-overflow=]
  115 |                                 "Resistor_1 : CH1 0x%08X = %.2fV \n\r"
      |                                 ^~~~~~~~~~~~~~~~~~~~~~~~~~~~~~~~~~~~~~
../Core/Src/main.c:120:49: note: format string is defined here
  119 |                                 "Resistor_2 : CH1 0x%08X = %.2fV \n\r"
      |                                                                ~~~~~~~
  120 |                                 "Resistor_2 : CH2 0x%08X = %.2fV \n\r"
      |                                 ~~~~~~~~~~~~~~~~^~~~
../Core/Src/main.c:115:33: note: assuming directive output of 4 bytes
  115 |                                 "Resistor_1 : CH1 0x%08X = %.2fV \n\r"
      |                                 ^~~~~~~~~~~~~~~~~~~~~~~~~~~~~~~~~~~~~~
../Core/Src/main.c:115:33: note: assuming directive output of 4 bytes
../Core/Src/main.c:115:33: note: assuming directive output of 4 bytes
../Core/Src/main.c:114:17: note: 'sprintf' output between 297 and 2777 bytes into a destination of size 200
  114 |                 sprintf(txt,
      |                 ^~~~~~~~~~~~
  115 |                                 "Resistor_1 : CH1 0x%08X = %.2fV \n\r"
      |                                 ~~~~~~~~~~~~~~~~~~~~~~~~~~~~~~~~~~~~~~
  116 |                                 "Resistor_1 : CH2 0x%08X = %.2fV \n\r"
      |                                 ~~~~~~~~~~~~~~~~~~~~~~~~~~~~~~~~~~~~~~
  117 |                                 "Resistor_1 : CH3 0x%08X = %.2fV \n\r"
      |                                 ~~~~~~~~~~~~~~~~~~~~~~~~~~~~~~~~~~~~~~
  118 |                                 "Resistor_1 : CH4 0x%08X = %.2fV \n\r"
      |                                 ~~~~~~~~~~~~~~~~~~~~~~~~~~~~~~~~~~~~~~
  119 |                                 "Resistor_2 : CH1 0x%08X = %.2fV \n\r"
      |                                 ~~~~~~~~~~~~~~~~~~~~~~~~~~~~~~~~~~~~~~
  120 |                                 "Resistor_2 : CH2 0x%08X = %.2fV \n\r"
      |                                 ~~~~~~~~~~~~~~~~~~~~~~~~~~~~~~~~~~~~~~
  121 |                                 "Resistor_2 : CH3 0x%08X = %.2fV \n\r"
      |                                 ~~~~~~~~~~~~~~~~~~~~~~~~~~~~~~~~~~~~~~
  122 |                                 "Resistor_2 : CH4 0x%08X = %.2fV \n\r",
      |                                 ~~~~~~~~~~~~~~~~~~~~~~~~~~~~~~~~~~~~~~~
  123 |                                 adc_val[0],(float) adc_val[0] / 4095 * 3.3,
      |                                 ~~~~~~~~~~~~~~~~~~~~~~~~~~~~~~~~~~~~~~~~~~~
  124 |                                 adc_val[1],(float) adc_val[1] / 4095 * 3.3,
      |                                 ~~~~~~~~~~~~~~~~~~~~~~~~~~~~~~~~~~~~~~~~~~~
  125 |                                 adc_val[2],(float) adc_val[2] / 4095 * 3.3,
      |                                 ~~~~~~~~~~~~~~~~~~~~~~~~~~~~~~~~~~~~~~~~~~~
  126 |                                 adc_val[3],(float) adc_val[3] / 4095 * 3.3,
      |                                 ~~~~~~~~~~~~~~~~~~~~~~~~~~~~~~~~~~~~~~~~~~~
  127 |                                 adc_val[4],(float) adc_val[4] / 4095 * 3.3,
      |                                 ~~~~~~~~~~~~~~~~~~~~~~~~~~~~~~~~~~~~~~~~~~~
  128 |                                 adc_val[5],(float) adc_val[5] / 4095 * 3.3,
      |                                 ~~~~~~~~~~~~~~~~~~~~~~~~~~~~~~~~~~~~~~~~~~~
  129 |                                 adc_val[6],(float) adc_val[6] / 4095 * 3.3,
      |                                 ~~~~~~~~~~~~~~~~~~~~~~~~~~~~~~~~~~~~~~~~~~~
  130 |                                 adc_val[7],(float) adc_val[7] / 4095 * 3.3);
      |                                 ~~~~~~~~~~~~~~~~~~~~~~~~~~~~~~~~~~~~~~~~~~~
arm-none-eabi-gcc -o "Lab05_2.elf" @"objects.list"   -mcpu=cortex-m7 -T"D:\KMITL\3D\MAD\MAD_Lab\Lab05_2\STM32F767ZITX_FLASH.ld" --specs=nosys.specs -Wl,-Map="Lab05_2.map" -Wl,--gc-sections -static --specs=nano.specs -mfpu=fpv5-d16 -mfloat-abi=hard -mthumb -u _printf_float -u _scanf_float -Wl,--start-group -lc -lm -Wl,--end-group
Finished building target: Lab05_2.elf
 
arm-none-eabi-size   Lab05_2.elf 
arm-none-eabi-objdump -h -S  Lab05_2.elf  > "Lab05_2.list"
   text	   data	    bss	    dec	    hex	filename
  38168	    480	   2224	  40872	   9fa8	Lab05_2.elf
Finished building: default.size.stdout
 
Finished building: Lab05_2.list
 
16:55:51 **** Incremental Build of configuration Debug for project Lab05_2 ****
make -j16 all 
arm-none-eabi-gcc "../Core/Src/main.c" -mcpu=cortex-m7 -std=gnu11 -g3 -DDEBUG -DUSE_HAL_DRIVER -DSTM32F767xx -c -I../Core/Inc -I../Drivers/STM32F7xx_HAL_Driver/Inc -I../Drivers/STM32F7xx_HAL_Driver/Inc/Legacy -I../Drivers/CMSIS/Device/ST/STM32F7xx/Include -I../Drivers/CMSIS/Include -O0 -ffunction-sections -fdata-sections -Wall -fstack-usage -fcyclomatic-complexity -MMD -MP -MF"Core/Src/main.d" -MT"Core/Src/main.o" --specs=nano.specs -mfpu=fpv5-d16 -mfloat-abi=hard -mthumb -o "Core/Src/main.o"
../Core/Src/main.c: In function 'main':
../Core/Src/main.c:113:17: warning: implicit declaration of function 'sprintf' [-Wimplicit-function-declaration]
  113 |                 sprintf(txt,
      |                 ^~~~~~~
../Core/Src/main.c:25:1: note: include '<stdio.h>' or provide a declaration of 'sprintf'
   24 | #include "gpio.h"
  +++ |+#include <stdio.h>
   25 | 
../Core/Src/main.c:113:17: warning: incompatible implicit declaration of built-in function 'sprintf' [-Wbuiltin-declaration-mismatch]
  113 |                 sprintf(txt,
      |                 ^~~~~~~
../Core/Src/main.c:113:17: note: include '<stdio.h>' or provide a declaration of 'sprintf'
../Core/Src/main.c:123:60: warning: implicit declaration of function 'strlen' [-Wimplicit-function-declaration]
  123 |                 HAL_UART_Transmit(&huart3, (uint8_t*) txt, strlen(txt), 1000);
      |                                                            ^~~~~~
../Core/Src/main.c:25:1: note: include '<string.h>' or provide a declaration of 'strlen'
   24 | #include "gpio.h"
  +++ |+#include <string.h>
   25 | 
../Core/Src/main.c:123:60: warning: incompatible implicit declaration of built-in function 'strlen' [-Wbuiltin-declaration-mismatch]
  123 |                 HAL_UART_Transmit(&huart3, (uint8_t*) txt, strlen(txt), 1000);
      |                                                            ^~~~~~
../Core/Src/main.c:123:60: note: include '<string.h>' or provide a declaration of 'strlen'
../Core/Src/main.c:114:229: warning: 'V 

Resistor_2 : CH2 0x' directive writing 23 bytes into a region of size between 0 and 19 [-Wformat-overflow=]
  114 |                                 "Resistor_1 : CH1 0x%08X = %.2fV \n\rResistor_1 : CH2 0x%08X = %.2fV \n\rResistor_1 : CH3 0x%08X = %.2fV \n\rResistor_1 : CH4 0x%08X = %.2fV \n\rResistor_2 : CH1 0x%08X = %.2fV \n\rResistor_2 : CH2 0x%08X = %.2fV \n\rResistor_2 : CH3 0x%08X = %.2fV \n\rResistor_2 : CH4 0x%08X = %.2fV \n\r",
      |                                                                                                                                                                                                                ~~~~~~~~~~~~~~~~~~~~~^~~~
../Core/Src/main.c:114:33: note: assuming directive output of 4 bytes
  114 |                                 "Resistor_1 : CH1 0x%08X = %.2fV \n\rResistor_1 : CH2 0x%08X = %.2fV \n\rResistor_1 : CH3 0x%08X = %.2fV \n\rResistor_1 : CH4 0x%08X = %.2fV \n\rResistor_2 : CH1 0x%08X = %.2fV \n\rResistor_2 : CH2 0x%08X = %.2fV \n\rResistor_2 : CH3 0x%08X = %.2fV \n\rResistor_2 : CH4 0x%08X = %.2fV \n\r",
      |                                 ^~~~~~~~~~~~~~~~~~~~~~~~~~~~~~~~~~~~~~~~~~~~~~~~~~~~~~~~~~~~~~~~~~~~~~~~~~~~~~~~~~~~~~~~~~~~~~~~~~~~~~~~~~~~~~~~~~~~~~~~~~~~~~~~~~~~~~~~~~~~~~~~~~~~~~~~~~~~~~~~~~~~~~~~~~~~~~~~~~~~~~~~~~~~~~~~~~~~~~~~~~~~~~~~~~~~~~~~~~~~~~~~~~~~~~~~~~~~~~~~~~~~~~~~~~~~~~~~~~~~~~~~~~~~~~~~~~~~~~~~~~~~~~~~~~
../Core/Src/main.c:114:33: note: assuming directive output of 4 bytes
../Core/Src/main.c:114:33: note: assuming directive output of 4 bytes
../Core/Src/main.c:113:17: note: 'sprintf' output between 297 and 2777 bytes into a destination of size 200
  113 |                 sprintf(txt,
      |                 ^~~~~~~~~~~~
  114 |                                 "Resistor_1 : CH1 0x%08X = %.2fV \n\rResistor_1 : CH2 0x%08X = %.2fV \n\rResistor_1 : CH3 0x%08X = %.2fV \n\rResistor_1 : CH4 0x%08X = %.2fV \n\rResistor_2 : CH1 0x%08X = %.2fV \n\rResistor_2 : CH2 0x%08X = %.2fV \n\rResistor_2 : CH3 0x%08X = %.2fV \n\rResistor_2 : CH4 0x%08X = %.2fV \n\r",
      |                                 ~~~~~~~~~~~~~~~~~~~~~~~~~~~~~~~~~~~~~~~~~~~~~~~~~~~~~~~~~~~~~~~~~~~~~~~~~~~~~~~~~~~~~~~~~~~~~~~~~~~~~~~~~~~~~~~~~~~~~~~~~~~~~~~~~~~~~~~~~~~~~~~~~~~~~~~~~~~~~~~~~~~~~~~~~~~~~~~~~~~~~~~~~~~~~~~~~~~~~~~~~~~~~~~~~~~~~~~~~~~~~~~~~~~~~~~~~~~~~~~~~~~~~~~~~~~~~~~~~~~~~~~~~~~~~~~~~~~~~~~~~~~~~~~~~~~
  115 |                                 adc_val[0], (float) adc_val[0] / 4095 * 3.3, adc_val[1],
      |                                 ~~~~~~~~~~~~~~~~~~~~~~~~~~~~~~~~~~~~~~~~~~~~~~~~~~~~~~~~
  116 |                                 (float) adc_val[1] / 4095 * 3.3, adc_val[2],
      |                                 ~~~~~~~~~~~~~~~~~~~~~~~~~~~~~~~~~~~~~~~~~~~~
  117 |                                 (float) adc_val[2] / 4095 * 3.3, adc_val[3],
      |                                 ~~~~~~~~~~~~~~~~~~~~~~~~~~~~~~~~~~~~~~~~~~~~
  118 |                                 (float) adc_val[3] / 4095 * 3.3, adc_val[4],
      |                                 ~~~~~~~~~~~~~~~~~~~~~~~~~~~~~~~~~~~~~~~~~~~~
  119 |                                 (float) adc_val[4] / 4095 * 3.3, adc_val[5],
      |                                 ~~~~~~~~~~~~~~~~~~~~~~~~~~~~~~~~~~~~~~~~~~~~
  120 |                                 (float) adc_val[5] / 4095 * 3.3, adc_val[6],
      |                                 ~~~~~~~~~~~~~~~~~~~~~~~~~~~~~~~~~~~~~~~~~~~~
  121 |                                 (float) adc_val[6] / 4095 * 3.3, adc_val[7],
      |                                 ~~~~~~~~~~~~~~~~~~~~~~~~~~~~~~~~~~~~~~~~~~~~
  122 |                                 (float) adc_val[7] / 4095 * 3.3);
      |                                 ~~~~~~~~~~~~~~~~~~~~~~~~~~~~~~~~
arm-none-eabi-gcc -o "Lab05_2.elf" @"objects.list"   -mcpu=cortex-m7 -T"D:\KMITL\3D\MAD\MAD_Lab\Lab05_2\STM32F767ZITX_FLASH.ld" --specs=nosys.specs -Wl,-Map="Lab05_2.map" -Wl,--gc-sections -static --specs=nano.specs -mfpu=fpv5-d16 -mfloat-abi=hard -mthumb -u _printf_float -u _scanf_float -Wl,--start-group -lc -lm -Wl,--end-group
Finished building target: Lab05_2.elf
 
arm-none-eabi-size   Lab05_2.elf 
arm-none-eabi-objdump -h -S  Lab05_2.elf  > "Lab05_2.list"
   text	   data	    bss	    dec	    hex	filename
  38168	    480	   2224	  40872	   9fa8	Lab05_2.elf
Finished building: default.size.stdout
 
Finished building: Lab05_2.list
 
16:59:15 **** Incremental Build of configuration Debug for project Lab05_2 ****
make -j16 all 
arm-none-eabi-gcc "../Core/Src/main.c" -mcpu=cortex-m7 -std=gnu11 -g3 -DDEBUG -DUSE_HAL_DRIVER -DSTM32F767xx -c -I../Core/Inc -I../Drivers/STM32F7xx_HAL_Driver/Inc -I../Drivers/STM32F7xx_HAL_Driver/Inc/Legacy -I../Drivers/CMSIS/Device/ST/STM32F7xx/Include -I../Drivers/CMSIS/Include -O0 -ffunction-sections -fdata-sections -Wall -fstack-usage -fcyclomatic-complexity -MMD -MP -MF"Core/Src/main.d" -MT"Core/Src/main.o" --specs=nano.specs -mfpu=fpv5-d16 -mfloat-abi=hard -mthumb -o "Core/Src/main.o"
../Core/Src/main.c: In function 'main':
../Core/Src/main.c:114:17: warning: implicit declaration of function 'sprintf' [-Wimplicit-function-declaration]
  114 |                 sprintf(txt,
      |                 ^~~~~~~
../Core/Src/main.c:25:1: note: include '<stdio.h>' or provide a declaration of 'sprintf'
   24 | #include "gpio.h"
  +++ |+#include <stdio.h>
   25 | 
../Core/Src/main.c:114:17: warning: incompatible implicit declaration of built-in function 'sprintf' [-Wbuiltin-declaration-mismatch]
  114 |                 sprintf(txt,
      |                 ^~~~~~~
../Core/Src/main.c:114:17: note: include '<stdio.h>' or provide a declaration of 'sprintf'
../Core/Src/main.c:125:60: warning: implicit declaration of function 'strlen' [-Wimplicit-function-declaration]
  125 |                 HAL_UART_Transmit(&huart3, (uint8_t*) txt, strlen(txt), 1000);
      |                                                            ^~~~~~
../Core/Src/main.c:25:1: note: include '<string.h>' or provide a declaration of 'strlen'
   24 | #include "gpio.h"
  +++ |+#include <string.h>
   25 | 
../Core/Src/main.c:125:60: warning: incompatible implicit declaration of built-in function 'strlen' [-Wbuiltin-declaration-mismatch]
  125 |                 HAL_UART_Transmit(&huart3, (uint8_t*) txt, strlen(txt), 1000);
      |                                                            ^~~~~~
../Core/Src/main.c:125:60: note: include '<string.h>' or provide a declaration of 'strlen'
arm-none-eabi-gcc -o "Lab05_2.elf" @"objects.list"   -mcpu=cortex-m7 -T"D:\KMITL\3D\MAD\MAD_Lab\Lab05_2\STM32F767ZITX_FLASH.ld" --specs=nosys.specs -Wl,-Map="Lab05_2.map" -Wl,--gc-sections -static --specs=nano.specs -mfpu=fpv5-d16 -mfloat-abi=hard -mthumb -u _printf_float -u _scanf_float -Wl,--start-group -lc -lm -Wl,--end-group
Finished building target: Lab05_2.elf
 
arm-none-eabi-size   Lab05_2.elf 
arm-none-eabi-objdump -h -S  Lab05_2.elf  > "Lab05_2.list"
   text	   data	    bss	    dec	    hex	filename
  37936	    480	   2224	  40640	   9ec0	Lab05_2.elf
Finished building: default.size.stdout
 
Finished building: Lab05_2.list
 
17:02:06 **** Incremental Build of configuration Debug for project Lab05_2 ****
make -j16 all 
arm-none-eabi-gcc "../Core/Src/main.c" -mcpu=cortex-m7 -std=gnu11 -g3 -DDEBUG -DUSE_HAL_DRIVER -DSTM32F767xx -c -I../Core/Inc -I../Drivers/STM32F7xx_HAL_Driver/Inc -I../Drivers/STM32F7xx_HAL_Driver/Inc/Legacy -I../Drivers/CMSIS/Device/ST/STM32F7xx/Include -I../Drivers/CMSIS/Include -O0 -ffunction-sections -fdata-sections -Wall -fstack-usage -fcyclomatic-complexity -MMD -MP -MF"Core/Src/main.d" -MT"Core/Src/main.o" --specs=nano.specs -mfpu=fpv5-d16 -mfloat-abi=hard -mthumb -o "Core/Src/main.o"
../Core/Src/main.c: In function 'main':
../Core/Src/main.c:114:17: warning: implicit declaration of function 'sprintf' [-Wimplicit-function-declaration]
  114 |                 sprintf(txt,
      |                 ^~~~~~~
../Core/Src/main.c:25:1: note: include '<stdio.h>' or provide a declaration of 'sprintf'
   24 | #include "gpio.h"
  +++ |+#include <stdio.h>
   25 | 
../Core/Src/main.c:114:17: warning: incompatible implicit declaration of built-in function 'sprintf' [-Wbuiltin-declaration-mismatch]
  114 |                 sprintf(txt,
      |                 ^~~~~~~
../Core/Src/main.c:114:17: note: include '<stdio.h>' or provide a declaration of 'sprintf'
../Core/Src/main.c:122:101: error: expected ')' before 'adc_val'
  122 |                                                                 "Resistor_2 : CH4 0x%08X = %.2f\n\r"
      |                                                                                                     ^
      |                                                                                                     )
  123 |                                 adc_val[0],(float) adc_val[0] / 4095 * 3.3,adc_val[1],
      |                                 ~~~~~~~                                                              
../Core/Src/main.c:114:24: note: to match this '('
  114 |                 sprintf(txt,
      |                        ^
../Core/Src/main.c:115:56: warning: format '%X' expects a matching 'unsigned int' argument [-Wformat=]
  115 |                                 "Resistor_1 : CH1 0x%08X = %.2f\n\r"
      |                                                     ~~~^
      |                                                        |
      |                                                        unsigned int
../Core/Src/main.c:115:63: warning: format '%f' expects a matching 'double' argument [-Wformat=]
  115 |                                 "Resistor_1 : CH1 0x%08X = %.2f\n\r"
      |                                                            ~~~^
      |                                                               |
      |                                                               double
../Core/Src/main.c:115:33: warning: format '%X' expects a matching 'unsigned int' argument [-Wformat=]
  115 |                                 "Resistor_1 : CH1 0x%08X = %.2f\n\r"
      |                                 ^~~~~~~~~~~~~~~~~~~~~~~~~~~~~~~~~~~~
../Core/Src/main.c:116:56: note: format string is defined here
  116 |                                 "Resistor_1 : CH2 0x%08X = %.2f\n\r"
      |                                                     ~~~^
      |                                                        |
      |                                                        unsigned int
../Core/Src/main.c:115:33: warning: format '%f' expects a matching 'double' argument [-Wformat=]
  115 |                                 "Resistor_1 : CH1 0x%08X = %.2f\n\r"
      |                                 ^~~~~~~~~~~~~~~~~~~~~~~~~~~~~~~~~~~~
../Core/Src/main.c:116:63: note: format string is defined here
  116 |                                 "Resistor_1 : CH2 0x%08X = %.2f\n\r"
      |                                                            ~~~^
      |                                                               |
      |                                                               double
../Core/Src/main.c:115:33: warning: format '%X' expects a matching 'unsigned int' argument [-Wformat=]
  115 |                                 "Resistor_1 : CH1 0x%08X = %.2f\n\r"
      |                                 ^~~~~~~~~~~~~~~~~~~~~~~~~~~~~~~~~~~~
../Core/Src/main.c:117:56: note: format string is defined here
  117 |                                 "Resistor_1 : CH3 0x%08X = %.2f\n\r"
      |                                                     ~~~^
      |                                                        |
      |                                                        unsigned int
../Core/Src/main.c:115:33: warning: format '%f' expects a matching 'double' argument [-Wformat=]
  115 |                                 "Resistor_1 : CH1 0x%08X = %.2f\n\r"
      |                                 ^~~~~~~~~~~~~~~~~~~~~~~~~~~~~~~~~~~~
../Core/Src/main.c:117:63: note: format string is defined here
  117 |                                 "Resistor_1 : CH3 0x%08X = %.2f\n\r"
      |                                                            ~~~^
      |                                                               |
      |                                                               double
../Core/Src/main.c:115:33: warning: format '%X' expects a matching 'unsigned int' argument [-Wformat=]
  115 |                                 "Resistor_1 : CH1 0x%08X = %.2f\n\r"
      |                                 ^~~~~~~~~~~~~~~~~~~~~~~~~~~~~~~~~~~~
../Core/Src/main.c:118:56: note: format string is defined here
  118 |                                 "Resistor_1 : CH4 0x%08X = %.2f\n\r"
      |                                                     ~~~^
      |                                                        |
      |                                                        unsigned int
../Core/Src/main.c:115:33: warning: format '%f' expects a matching 'double' argument [-Wformat=]
  115 |                                 "Resistor_1 : CH1 0x%08X = %.2f\n\r"
      |                                 ^~~~~~~~~~~~~~~~~~~~~~~~~~~~~~~~~~~~
../Core/Src/main.c:118:63: note: format string is defined here
  118 |                                 "Resistor_1 : CH4 0x%08X = %.2f\n\r"
      |                                                            ~~~^
      |                                                               |
      |                                                               double
../Core/Src/main.c:115:33: warning: format '%X' expects a matching 'unsigned int' argument [-Wformat=]
  115 |                                 "Resistor_1 : CH1 0x%08X = %.2f\n\r"
      |                                 ^~~~~~~~~~~~~~~~~~~~~~~~~~~~~~~~~~~~
../Core/Src/main.c:119:56: note: format string is defined here
  119 |                                 "Resistor_2 : CH1 0x%08X = %.2f\n\r"
      |                                                     ~~~^
      |                                                        |
      |                                                        unsigned int
../Core/Src/main.c:115:33: warning: format '%f' expects a matching 'double' argument [-Wformat=]
  115 |                                 "Resistor_1 : CH1 0x%08X = %.2f\n\r"
      |                                 ^~~~~~~~~~~~~~~~~~~~~~~~~~~~~~~~~~~~
../Core/Src/main.c:119:63: note: format string is defined here
  119 |                                 "Resistor_2 : CH1 0x%08X = %.2f\n\r"
      |                                                            ~~~^
      |                                                               |
      |                                                               double
../Core/Src/main.c:115:33: warning: format '%X' expects a matching 'unsigned int' argument [-Wformat=]
  115 |                                 "Resistor_1 : CH1 0x%08X = %.2f\n\r"
      |                                 ^~~~~~~~~~~~~~~~~~~~~~~~~~~~~~~~~~~~
../Core/Src/main.c:120:88: note: format string is defined here
  120 |                                                                 "Resistor_2 : CH2 0x%08X = %.2f\n\r"
      |                                                                                     ~~~^
      |                                                                                        |
      |                                                                                        unsigned int
../Core/Src/main.c:115:33: warning: format '%f' expects a matching 'double' argument [-Wformat=]
  115 |                                 "Resistor_1 : CH1 0x%08X = %.2f\n\r"
      |                                 ^~~~~~~~~~~~~~~~~~~~~~~~~~~~~~~~~~~~
../Core/Src/main.c:120:95: note: format string is defined here
  120 |                                                                 "Resistor_2 : CH2 0x%08X = %.2f\n\r"
      |                                                                                            ~~~^
      |                                                                                               |
      |                                                                                               double
../Core/Src/main.c:115:33: warning: format '%X' expects a matching 'unsigned int' argument [-Wformat=]
  115 |                                 "Resistor_1 : CH1 0x%08X = %.2f\n\r"
      |                                 ^~~~~~~~~~~~~~~~~~~~~~~~~~~~~~~~~~~~
../Core/Src/main.c:121:88: note: format string is defined here
  121 |                                                                 "Resistor_2 : CH3 0x%08X = %.2f\n\r"
      |                                                                                     ~~~^
      |                                                                                        |
      |                                                                                        unsigned int
../Core/Src/main.c:115:33: warning: format '%f' expects a matching 'double' argument [-Wformat=]
  115 |                                 "Resistor_1 : CH1 0x%08X = %.2f\n\r"
      |                                 ^~~~~~~~~~~~~~~~~~~~~~~~~~~~~~~~~~~~
../Core/Src/main.c:121:95: note: format string is defined here
  121 |                                                                 "Resistor_2 : CH3 0x%08X = %.2f\n\r"
      |                                                                                            ~~~^
      |                                                                                               |
      |                                                                                               double
../Core/Src/main.c:115:33: warning: format '%X' expects a matching 'unsigned int' argument [-Wformat=]
  115 |                                 "Resistor_1 : CH1 0x%08X = %.2f\n\r"
      |                                 ^~~~~~~~~~~~~~~~~~~~~~~~~~~~~~~~~~~~
../Core/Src/main.c:122:88: note: format string is defined here
  122 |                                                                 "Resistor_2 : CH4 0x%08X = %.2f\n\r"
      |                                                                                     ~~~^
      |                                                                                        |
      |                                                                                        unsigned int
../Core/Src/main.c:115:33: warning: format '%f' expects a matching 'double' argument [-Wformat=]
  115 |                                 "Resistor_1 : CH1 0x%08X = %.2f\n\r"
      |                                 ^~~~~~~~~~~~~~~~~~~~~~~~~~~~~~~~~~~~
../Core/Src/main.c:122:95: note: format string is defined here
  122 |                                                                 "Resistor_2 : CH4 0x%08X = %.2f\n\r"
      |                                                                                            ~~~^
      |                                                                                               |
      |                                                                                               double
../Core/Src/main.c:131:60: warning: implicit declaration of function 'strlen' [-Wimplicit-function-declaration]
  131 |                 HAL_UART_Transmit(&huart3, (uint8_t*) txt, strlen(txt), 1000);
      |                                                            ^~~~~~
../Core/Src/main.c:25:1: note: include '<string.h>' or provide a declaration of 'strlen'
   24 | #include "gpio.h"
  +++ |+#include <string.h>
   25 | 
../Core/Src/main.c:131:60: warning: incompatible implicit declaration of built-in function 'strlen' [-Wbuiltin-declaration-mismatch]
  131 |                 HAL_UART_Transmit(&huart3, (uint8_t*) txt, strlen(txt), 1000);
      |                                                            ^~~~~~
../Core/Src/main.c:131:60: note: include '<string.h>' or provide a declaration of 'strlen'
make: *** [Core/Src/subdir.mk:46: Core/Src/main.o] Error 1
"make -j16 all" terminated with exit code 2. Build might be incomplete.
17:04:15 **** Incremental Build of configuration Debug for project Lab05_2 ****
make -j16 all 
arm-none-eabi-gcc "../Core/Src/main.c" -mcpu=cortex-m7 -std=gnu11 -g3 -DDEBUG -DUSE_HAL_DRIVER -DSTM32F767xx -c -I../Core/Inc -I../Drivers/STM32F7xx_HAL_Driver/Inc -I../Drivers/STM32F7xx_HAL_Driver/Inc/Legacy -I../Drivers/CMSIS/Device/ST/STM32F7xx/Include -I../Drivers/CMSIS/Include -O0 -ffunction-sections -fdata-sections -Wall -fstack-usage -fcyclomatic-complexity -MMD -MP -MF"Core/Src/main.d" -MT"Core/Src/main.o" --specs=nano.specs -mfpu=fpv5-d16 -mfloat-abi=hard -mthumb -o "Core/Src/main.o"
../Core/Src/main.c: In function 'main':
../Core/Src/main.c:113:17: warning: implicit declaration of function 'sprintf' [-Wimplicit-function-declaration]
  113 |                 sprintf(txt,
      |                 ^~~~~~~
../Core/Src/main.c:25:1: note: include '<stdio.h>' or provide a declaration of 'sprintf'
   24 | #include "gpio.h"
  +++ |+#include <stdio.h>
   25 | 
../Core/Src/main.c:113:17: warning: incompatible implicit declaration of built-in function 'sprintf' [-Wbuiltin-declaration-mismatch]
  113 |                 sprintf(txt,
      |                 ^~~~~~~
../Core/Src/main.c:113:17: note: include '<stdio.h>' or provide a declaration of 'sprintf'
../Core/Src/main.c:130:60: warning: implicit declaration of function 'strlen' [-Wimplicit-function-declaration]
  130 |                 HAL_UART_Transmit(&huart3, (uint8_t*) txt, strlen(txt), 1000);
      |                                                            ^~~~~~
../Core/Src/main.c:25:1: note: include '<string.h>' or provide a declaration of 'strlen'
   24 | #include "gpio.h"
  +++ |+#include <string.h>
   25 | 
../Core/Src/main.c:130:60: warning: incompatible implicit declaration of built-in function 'strlen' [-Wbuiltin-declaration-mismatch]
  130 |                 HAL_UART_Transmit(&huart3, (uint8_t*) txt, strlen(txt), 1000);
      |                                                            ^~~~~~
../Core/Src/main.c:130:60: note: include '<string.h>' or provide a declaration of 'strlen'
arm-none-eabi-gcc -o "Lab05_2.elf" @"objects.list"   -mcpu=cortex-m7 -T"D:\KMITL\3D\MAD\MAD_Lab\Lab05_2\STM32F767ZITX_FLASH.ld" --specs=nosys.specs -Wl,-Map="Lab05_2.map" -Wl,--gc-sections -static --specs=nano.specs -mfpu=fpv5-d16 -mfloat-abi=hard -mthumb -u _printf_float -u _scanf_float -Wl,--start-group -lc -lm -Wl,--end-group
Finished building target: Lab05_2.elf
 
arm-none-eabi-size   Lab05_2.elf 
arm-none-eabi-objdump -h -S  Lab05_2.elf  > "Lab05_2.list"
   text	   data	    bss	    dec	    hex	filename
  38152	    480	   2224	  40856	   9f98	Lab05_2.elf
Finished building: default.size.stdout
 
Finished building: Lab05_2.list
 
17:11:58 **** Incremental Build of configuration Debug for project Lab05_2 ****
make -j16 all 
arm-none-eabi-gcc "../Core/Src/main.c" -mcpu=cortex-m7 -std=gnu11 -g3 -DDEBUG -DUSE_HAL_DRIVER -DSTM32F767xx -c -I../Core/Inc -I../Drivers/STM32F7xx_HAL_Driver/Inc -I../Drivers/STM32F7xx_HAL_Driver/Inc/Legacy -I../Drivers/CMSIS/Device/ST/STM32F7xx/Include -I../Drivers/CMSIS/Include -O0 -ffunction-sections -fdata-sections -Wall -fstack-usage -fcyclomatic-complexity -MMD -MP -MF"Core/Src/main.d" -MT"Core/Src/main.o" --specs=nano.specs -mfpu=fpv5-d16 -mfloat-abi=hard -mthumb -o "Core/Src/main.o"
../Core/Src/main.c: In function 'main':
../Core/Src/main.c:113:17: warning: implicit declaration of function 'sprintf' [-Wimplicit-function-declaration]
  113 |                 sprintf(txt,
      |                 ^~~~~~~
../Core/Src/main.c:25:1: note: include '<stdio.h>' or provide a declaration of 'sprintf'
   24 | #include "gpio.h"
  +++ |+#include <stdio.h>
   25 | 
../Core/Src/main.c:113:17: warning: incompatible implicit declaration of built-in function 'sprintf' [-Wbuiltin-declaration-mismatch]
  113 |                 sprintf(txt,
      |                 ^~~~~~~
../Core/Src/main.c:113:17: note: include '<stdio.h>' or provide a declaration of 'sprintf'
../Core/Src/main.c:132:60: warning: implicit declaration of function 'strlen' [-Wimplicit-function-declaration]
  132 |                 HAL_UART_Transmit(&huart3, (uint8_t*) txt, strlen(txt), 1000);
      |                                                            ^~~~~~
../Core/Src/main.c:25:1: note: include '<string.h>' or provide a declaration of 'strlen'
   24 | #include "gpio.h"
  +++ |+#include <string.h>
   25 | 
../Core/Src/main.c:132:60: warning: incompatible implicit declaration of built-in function 'strlen' [-Wbuiltin-declaration-mismatch]
  132 |                 HAL_UART_Transmit(&huart3, (uint8_t*) txt, strlen(txt), 1000);
      |                                                            ^~~~~~
../Core/Src/main.c:132:60: note: include '<string.h>' or provide a declaration of 'strlen'
arm-none-eabi-gcc -o "Lab05_2.elf" @"objects.list"   -mcpu=cortex-m7 -T"D:\KMITL\3D\MAD\MAD_Lab\Lab05_2\STM32F767ZITX_FLASH.ld" --specs=nosys.specs -Wl,-Map="Lab05_2.map" -Wl,--gc-sections -static --specs=nano.specs -mfpu=fpv5-d16 -mfloat-abi=hard -mthumb -u _printf_float -u _scanf_float -Wl,--start-group -lc -lm -Wl,--end-group
Finished building target: Lab05_2.elf
 
arm-none-eabi-size   Lab05_2.elf 
arm-none-eabi-objdump -h -S  Lab05_2.elf  > "Lab05_2.list"
   text	   data	    bss	    dec	    hex	filename
  38336	    480	   2224	  41040	   a050	Lab05_2.elf
Finished building: default.size.stdout
 
Finished building: Lab05_2.list
 
17:13:19 **** Incremental Build of configuration Debug for project Lab05_2 ****
make -j16 all 
arm-none-eabi-gcc "../Core/Src/main.c" -mcpu=cortex-m7 -std=gnu11 -g3 -DDEBUG -DUSE_HAL_DRIVER -DSTM32F767xx -c -I../Core/Inc -I../Drivers/STM32F7xx_HAL_Driver/Inc -I../Drivers/STM32F7xx_HAL_Driver/Inc/Legacy -I../Drivers/CMSIS/Device/ST/STM32F7xx/Include -I../Drivers/CMSIS/Include -O0 -ffunction-sections -fdata-sections -Wall -fstack-usage -fcyclomatic-complexity -MMD -MP -MF"Core/Src/main.d" -MT"Core/Src/main.o" --specs=nano.specs -mfpu=fpv5-d16 -mfloat-abi=hard -mthumb -o "Core/Src/main.o"
../Core/Src/main.c: In function 'main':
../Core/Src/main.c:113:17: warning: implicit declaration of function 'sprintf' [-Wimplicit-function-declaration]
  113 |                 sprintf(txt,
      |                 ^~~~~~~
../Core/Src/main.c:25:1: note: include '<stdio.h>' or provide a declaration of 'sprintf'
   24 | #include "gpio.h"
  +++ |+#include <stdio.h>
   25 | 
../Core/Src/main.c:113:17: warning: incompatible implicit declaration of built-in function 'sprintf' [-Wbuiltin-declaration-mismatch]
  113 |                 sprintf(txt,
      |                 ^~~~~~~
../Core/Src/main.c:113:17: note: include '<stdio.h>' or provide a declaration of 'sprintf'
../Core/Src/main.c:132:60: warning: implicit declaration of function 'strlen' [-Wimplicit-function-declaration]
  132 |                 HAL_UART_Transmit(&huart3, (uint8_t*) txt, strlen(txt), 1000);
      |                                                            ^~~~~~
../Core/Src/main.c:25:1: note: include '<string.h>' or provide a declaration of 'strlen'
   24 | #include "gpio.h"
  +++ |+#include <string.h>
   25 | 
../Core/Src/main.c:132:60: warning: incompatible implicit declaration of built-in function 'strlen' [-Wbuiltin-declaration-mismatch]
  132 |                 HAL_UART_Transmit(&huart3, (uint8_t*) txt, strlen(txt), 1000);
      |                                                            ^~~~~~
../Core/Src/main.c:132:60: note: include '<string.h>' or provide a declaration of 'strlen'
arm-none-eabi-gcc -o "Lab05_2.elf" @"objects.list"   -mcpu=cortex-m7 -T"D:\KMITL\3D\MAD\MAD_Lab\Lab05_2\STM32F767ZITX_FLASH.ld" --specs=nosys.specs -Wl,-Map="Lab05_2.map" -Wl,--gc-sections -static --specs=nano.specs -mfpu=fpv5-d16 -mfloat-abi=hard -mthumb -u _printf_float -u _scanf_float -Wl,--start-group -lc -lm -Wl,--end-group
Finished building target: Lab05_2.elf
 
arm-none-eabi-size   Lab05_2.elf 
arm-none-eabi-objdump -h -S  Lab05_2.elf  > "Lab05_2.list"
   text	   data	    bss	    dec	    hex	filename
  38336	    480	   2224	  41040	   a050	Lab05_2.elf
Finished building: default.size.stdout
 
Finished building: Lab05_2.list
 
17:21:45 **** Build of configuration Debug for project Lab06 ****
make -j16 all 
arm-none-eabi-gcc "../Core/Src/main.c" -mcpu=cortex-m7 -std=gnu11 -g3 -DDEBUG -DUSE_HAL_DRIVER -DSTM32F767xx -c -I../Core/Inc -I../Drivers/STM32F7xx_HAL_Driver/Inc -I../Drivers/STM32F7xx_HAL_Driver/Inc/Legacy -I../Drivers/CMSIS/Device/ST/STM32F7xx/Include -I../Drivers/CMSIS/Include -O0 -ffunction-sections -fdata-sections -Wall -fstack-usage -fcyclomatic-complexity -MMD -MP -MF"Core/Src/main.d" -MT"Core/Src/main.o" --specs=nano.specs -mfpu=fpv5-d16 -mfloat-abi=hard -mthumb -o "Core/Src/main.o"
arm-none-eabi-gcc "../Core/Src/stm32f7xx_it.c" -mcpu=cortex-m7 -std=gnu11 -g3 -DDEBUG -DUSE_HAL_DRIVER -DSTM32F767xx -c -I../Core/Inc -I../Drivers/STM32F7xx_HAL_Driver/Inc -I../Drivers/STM32F7xx_HAL_Driver/Inc/Legacy -I../Drivers/CMSIS/Device/ST/STM32F7xx/Include -I../Drivers/CMSIS/Include -O0 -ffunction-sections -fdata-sections -Wall -fstack-usage -fcyclomatic-complexity -MMD -MP -MF"Core/Src/stm32f7xx_it.d" -MT"Core/Src/stm32f7xx_it.o" --specs=nano.specs -mfpu=fpv5-d16 -mfloat-abi=hard -mthumb -o "Core/Src/stm32f7xx_it.o"
../Core/Src/main.c: In function 'displayNumber':
../Core/Src/main.c:179:9: warning: implicit declaration of function 'sprintf' [-Wimplicit-function-declaration]
  179 |         sprintf(str, "Number = %d\n\r", n);
      |         ^~~~~~~
../Core/Src/main.c:24:1: note: include '<stdio.h>' or provide a declaration of 'sprintf'
   23 | #include "gpio.h"
  +++ |+#include <stdio.h>
   24 | 
../Core/Src/main.c:179:9: warning: incompatible implicit declaration of built-in function 'sprintf' [-Wbuiltin-declaration-mismatch]
  179 |         sprintf(str, "Number = %d\n\r", n);
      |         ^~~~~~~
../Core/Src/main.c:179:9: note: include '<stdio.h>' or provide a declaration of 'sprintf'
../Core/Src/main.c:179:33: warning: format '%d' expects argument of type 'int', but argument 3 has type 'uint32_t' {aka 'long unsigned int'} [-Wformat=]
  179 |         sprintf(str, "Number = %d\n\r", n);
      |                                ~^       ~
      |                                 |       |
      |                                 int     uint32_t {aka long unsigned int}
      |                                %ld
../Core/Src/main.c:180:52: warning: implicit declaration of function 'strlen' [-Wimplicit-function-declaration]
  180 |         HAL_UART_Transmit(&huart3, (uint8_t*) str, strlen(str), 1000);
      |                                                    ^~~~~~
../Core/Src/main.c:24:1: note: include '<string.h>' or provide a declaration of 'strlen'
   23 | #include "gpio.h"
  +++ |+#include <string.h>
   24 | 
../Core/Src/main.c:180:52: warning: incompatible implicit declaration of built-in function 'strlen' [-Wbuiltin-declaration-mismatch]
  180 |         HAL_UART_Transmit(&huart3, (uint8_t*) str, strlen(str), 1000);
      |                                                    ^~~~~~
../Core/Src/main.c:180:52: note: include '<string.h>' or provide a declaration of 'strlen'
../Core/Src/main.c: In function 'displayTime':
../Core/Src/main.c:188:9: warning: incompatible implicit declaration of built-in function 'sprintf' [-Wbuiltin-declaration-mismatch]
  188 |         sprintf(str, "%02d:%02d\r", mm,ss);
      |         ^~~~~~~
../Core/Src/main.c:188:9: note: include '<stdio.h>' or provide a declaration of 'sprintf'
../Core/Src/main.c:189:52: warning: incompatible implicit declaration of built-in function 'strlen' [-Wbuiltin-declaration-mismatch]
  189 |         HAL_UART_Transmit(&huart3, (uint8_t*) str, strlen(str), 1000);
      |                                                    ^~~~~~
../Core/Src/main.c:189:52: note: include '<string.h>' or provide a declaration of 'strlen'
../Core/Src/main.c: At top level:
../Core/Src/main.c:53:13: warning: 'MPU_Initialize' declared 'static' but never defined [-Wunused-function]
   53 | static void MPU_Initialize(void);
      |             ^~~~~~~~~~~~~~
arm-none-eabi-gcc -o "Lab06.elf" @"objects.list"   -mcpu=cortex-m7 -T"D:\KMITL\3D\MAD\MAD_Lab\Lab06\STM32F767ZITX_FLASH.ld" --specs=nosys.specs -Wl,-Map="Lab06.map" -Wl,--gc-sections -static --specs=nano.specs -mfpu=fpv5-d16 -mfloat-abi=hard -mthumb -Wl,--start-group -lc -lm -Wl,--end-group
Finished building target: Lab06.elf
 
arm-none-eabi-size   Lab06.elf 
arm-none-eabi-objdump -h -S  Lab06.elf  > "Lab06.list"
   text	   data	    bss	    dec	    hex	filename
  17256	    100	   2196	  19552	   4c60	Lab06.elf
Finished building: default.size.stdout
 
Finished building: Lab06.list
 
17:23:21 **** Incremental Build of configuration Debug for project Lab06 ****
make -j16 all 
arm-none-eabi-gcc "../Core/Src/main.c" -mcpu=cortex-m7 -std=gnu11 -g3 -DDEBUG -DUSE_HAL_DRIVER -DSTM32F767xx -c -I../Core/Inc -I../Drivers/STM32F7xx_HAL_Driver/Inc -I../Drivers/STM32F7xx_HAL_Driver/Inc/Legacy -I../Drivers/CMSIS/Device/ST/STM32F7xx/Include -I../Drivers/CMSIS/Include -O0 -ffunction-sections -fdata-sections -Wall -fstack-usage -fcyclomatic-complexity -MMD -MP -MF"Core/Src/main.d" -MT"Core/Src/main.o" --specs=nano.specs -mfpu=fpv5-d16 -mfloat-abi=hard -mthumb -o "Core/Src/main.o"
arm-none-eabi-gcc "../Core/Src/stm32f7xx_it.c" -mcpu=cortex-m7 -std=gnu11 -g3 -DDEBUG -DUSE_HAL_DRIVER -DSTM32F767xx -c -I../Core/Inc -I../Drivers/STM32F7xx_HAL_Driver/Inc -I../Drivers/STM32F7xx_HAL_Driver/Inc/Legacy -I../Drivers/CMSIS/Device/ST/STM32F7xx/Include -I../Drivers/CMSIS/Include -O0 -ffunction-sections -fdata-sections -Wall -fstack-usage -fcyclomatic-complexity -MMD -MP -MF"Core/Src/stm32f7xx_it.d" -MT"Core/Src/stm32f7xx_it.o" --specs=nano.specs -mfpu=fpv5-d16 -mfloat-abi=hard -mthumb -o "Core/Src/stm32f7xx_it.o"
../Core/Src/main.c: In function 'displayNumber':
../Core/Src/main.c:179:9: warning: implicit declaration of function 'sprintf' [-Wimplicit-function-declaration]
  179 |         sprintf(str, "Number = %d\n\r", n);
      |         ^~~~~~~
../Core/Src/main.c:24:1: note: include '<stdio.h>' or provide a declaration of 'sprintf'
   23 | #include "gpio.h"
  +++ |+#include <stdio.h>
   24 | 
../Core/Src/main.c:179:9: warning: incompatible implicit declaration of built-in function 'sprintf' [-Wbuiltin-declaration-mismatch]
  179 |         sprintf(str, "Number = %d\n\r", n);
      |         ^~~~~~~
../Core/Src/main.c:179:9: note: include '<stdio.h>' or provide a declaration of 'sprintf'
../Core/Src/main.c:179:33: warning: format '%d' expects argument of type 'int', but argument 3 has type 'uint32_t' {aka 'long unsigned int'} [-Wformat=]
  179 |         sprintf(str, "Number = %d\n\r", n);
      |                                ~^       ~
      |                                 |       |
      |                                 int     uint32_t {aka long unsigned int}
      |                                %ld
../Core/Src/main.c:180:52: warning: implicit declaration of function 'strlen' [-Wimplicit-function-declaration]
  180 |         HAL_UART_Transmit(&huart3, (uint8_t*) str, strlen(str), 1000);
      |                                                    ^~~~~~
../Core/Src/main.c:24:1: note: include '<string.h>' or provide a declaration of 'strlen'
   23 | #include "gpio.h"
  +++ |+#include <string.h>
   24 | 
../Core/Src/main.c:180:52: warning: incompatible implicit declaration of built-in function 'strlen' [-Wbuiltin-declaration-mismatch]
  180 |         HAL_UART_Transmit(&huart3, (uint8_t*) str, strlen(str), 1000);
      |                                                    ^~~~~~
../Core/Src/main.c:180:52: note: include '<string.h>' or provide a declaration of 'strlen'
../Core/Src/main.c: In function 'displayTime':
../Core/Src/main.c:188:9: warning: incompatible implicit declaration of built-in function 'sprintf' [-Wbuiltin-declaration-mismatch]
  188 |         sprintf(str, "%02d:%02d\r", mm,ss);
      |         ^~~~~~~
../Core/Src/main.c:188:9: note: include '<stdio.h>' or provide a declaration of 'sprintf'
../Core/Src/main.c:189:52: warning: incompatible implicit declaration of built-in function 'strlen' [-Wbuiltin-declaration-mismatch]
  189 |         HAL_UART_Transmit(&huart3, (uint8_t*) str, strlen(str), 1000);
      |                                                    ^~~~~~
../Core/Src/main.c:189:52: note: include '<string.h>' or provide a declaration of 'strlen'
../Core/Src/main.c: At top level:
../Core/Src/main.c:53:13: warning: 'MPU_Initialize' declared 'static' but never defined [-Wunused-function]
   53 | static void MPU_Initialize(void);
      |             ^~~~~~~~~~~~~~
arm-none-eabi-gcc -o "Lab06.elf" @"objects.list"   -mcpu=cortex-m7 -T"D:\KMITL\3D\MAD\MAD_Lab\Lab06\STM32F767ZITX_FLASH.ld" --specs=nosys.specs -Wl,-Map="Lab06.map" -Wl,--gc-sections -static --specs=nano.specs -mfpu=fpv5-d16 -mfloat-abi=hard -mthumb -Wl,--start-group -lc -lm -Wl,--end-group
Finished building target: Lab06.elf
 
arm-none-eabi-size   Lab06.elf 
arm-none-eabi-objdump -h -S  Lab06.elf  > "Lab06.list"
   text	   data	    bss	    dec	    hex	filename
  17248	    100	   2196	  19544	   4c58	Lab06.elf
Finished building: default.size.stdout
 
Finished building: Lab06.list
 
17:38:13 **** Build of configuration Debug for project Lab06_NeoArmstrongCycloneJetArmstrong ****
make -j16 all 
arm-none-eabi-gcc "../Drivers/STM32F7xx_HAL_Driver/Src/stm32f7xx_hal.c" -mcpu=cortex-m7 -std=gnu11 -g3 -DDEBUG -DUSE_HAL_DRIVER -DSTM32F767xx -c -I../Core/Inc -I../Drivers/STM32F7xx_HAL_Driver/Inc -I../Drivers/STM32F7xx_HAL_Driver/Inc/Legacy -I../Drivers/CMSIS/Device/ST/STM32F7xx/Include -I../Drivers/CMSIS/Include -O0 -ffunction-sections -fdata-sections -Wall -fstack-usage -fcyclomatic-complexity -MMD -MP -MF"Drivers/STM32F7xx_HAL_Driver/Src/stm32f7xx_hal.d" -MT"Drivers/STM32F7xx_HAL_Driver/Src/stm32f7xx_hal.o" --specs=nano.specs -mfpu=fpv5-d16 -mfloat-abi=hard -mthumb -o "Drivers/STM32F7xx_HAL_Driver/Src/stm32f7xx_hal.o"
arm-none-eabi-gcc "../Drivers/STM32F7xx_HAL_Driver/Src/stm32f7xx_hal_cortex.c" -mcpu=cortex-m7 -std=gnu11 -g3 -DDEBUG -DUSE_HAL_DRIVER -DSTM32F767xx -c -I../Core/Inc -I../Drivers/STM32F7xx_HAL_Driver/Inc -I../Drivers/STM32F7xx_HAL_Driver/Inc/Legacy -I../Drivers/CMSIS/Device/ST/STM32F7xx/Include -I../Drivers/CMSIS/Include -O0 -ffunction-sections -fdata-sections -Wall -fstack-usage -fcyclomatic-complexity -MMD -MP -MF"Drivers/STM32F7xx_HAL_Driver/Src/stm32f7xx_hal_cortex.d" -MT"Drivers/STM32F7xx_HAL_Driver/Src/stm32f7xx_hal_cortex.o" --specs=nano.specs -mfpu=fpv5-d16 -mfloat-abi=hard -mthumb -o "Drivers/STM32F7xx_HAL_Driver/Src/stm32f7xx_hal_cortex.o"
arm-none-eabi-gcc "../Drivers/STM32F7xx_HAL_Driver/Src/stm32f7xx_hal_dma.c" -mcpu=cortex-m7 -std=gnu11 -g3 -DDEBUG -DUSE_HAL_DRIVER -DSTM32F767xx -c -I../Core/Inc -I../Drivers/STM32F7xx_HAL_Driver/Inc -I../Drivers/STM32F7xx_HAL_Driver/Inc/Legacy -I../Drivers/CMSIS/Device/ST/STM32F7xx/Include -I../Drivers/CMSIS/Include -O0 -ffunction-sections -fdata-sections -Wall -fstack-usage -fcyclomatic-complexity -MMD -MP -MF"Drivers/STM32F7xx_HAL_Driver/Src/stm32f7xx_hal_dma.d" -MT"Drivers/STM32F7xx_HAL_Driver/Src/stm32f7xx_hal_dma.o" --specs=nano.specs -mfpu=fpv5-d16 -mfloat-abi=hard -mthumb -o "Drivers/STM32F7xx_HAL_Driver/Src/stm32f7xx_hal_dma.o"
arm-none-eabi-gcc "../Drivers/STM32F7xx_HAL_Driver/Src/stm32f7xx_hal_dma_ex.c" -mcpu=cortex-m7 -std=gnu11 -g3 -DDEBUG -DUSE_HAL_DRIVER -DSTM32F767xx -c -I../Core/Inc -I../Drivers/STM32F7xx_HAL_Driver/Inc -I../Drivers/STM32F7xx_HAL_Driver/Inc/Legacy -I../Drivers/CMSIS/Device/ST/STM32F7xx/Include -I../Drivers/CMSIS/Include -O0 -ffunction-sections -fdata-sections -Wall -fstack-usage -fcyclomatic-complexity -MMD -MP -MF"Drivers/STM32F7xx_HAL_Driver/Src/stm32f7xx_hal_dma_ex.d" -MT"Drivers/STM32F7xx_HAL_Driver/Src/stm32f7xx_hal_dma_ex.o" --specs=nano.specs -mfpu=fpv5-d16 -mfloat-abi=hard -mthumb -o "Drivers/STM32F7xx_HAL_Driver/Src/stm32f7xx_hal_dma_ex.o"
arm-none-eabi-gcc "../Drivers/STM32F7xx_HAL_Driver/Src/stm32f7xx_hal_eth.c" -mcpu=cortex-m7 -std=gnu11 -g3 -DDEBUG -DUSE_HAL_DRIVER -DSTM32F767xx -c -I../Core/Inc -I../Drivers/STM32F7xx_HAL_Driver/Inc -I../Drivers/STM32F7xx_HAL_Driver/Inc/Legacy -I../Drivers/CMSIS/Device/ST/STM32F7xx/Include -I../Drivers/CMSIS/Include -O0 -ffunction-sections -fdata-sections -Wall -fstack-usage -fcyclomatic-complexity -MMD -MP -MF"Drivers/STM32F7xx_HAL_Driver/Src/stm32f7xx_hal_eth.d" -MT"Drivers/STM32F7xx_HAL_Driver/Src/stm32f7xx_hal_eth.o" --specs=nano.specs -mfpu=fpv5-d16 -mfloat-abi=hard -mthumb -o "Drivers/STM32F7xx_HAL_Driver/Src/stm32f7xx_hal_eth.o"
arm-none-eabi-gcc "../Drivers/STM32F7xx_HAL_Driver/Src/stm32f7xx_hal_exti.c" -mcpu=cortex-m7 -std=gnu11 -g3 -DDEBUG -DUSE_HAL_DRIVER -DSTM32F767xx -c -I../Core/Inc -I../Drivers/STM32F7xx_HAL_Driver/Inc -I../Drivers/STM32F7xx_HAL_Driver/Inc/Legacy -I../Drivers/CMSIS/Device/ST/STM32F7xx/Include -I../Drivers/CMSIS/Include -O0 -ffunction-sections -fdata-sections -Wall -fstack-usage -fcyclomatic-complexity -MMD -MP -MF"Drivers/STM32F7xx_HAL_Driver/Src/stm32f7xx_hal_exti.d" -MT"Drivers/STM32F7xx_HAL_Driver/Src/stm32f7xx_hal_exti.o" --specs=nano.specs -mfpu=fpv5-d16 -mfloat-abi=hard -mthumb -o "Drivers/STM32F7xx_HAL_Driver/Src/stm32f7xx_hal_exti.o"
arm-none-eabi-gcc "../Drivers/STM32F7xx_HAL_Driver/Src/stm32f7xx_hal_flash.c" -mcpu=cortex-m7 -std=gnu11 -g3 -DDEBUG -DUSE_HAL_DRIVER -DSTM32F767xx -c -I../Core/Inc -I../Drivers/STM32F7xx_HAL_Driver/Inc -I../Drivers/STM32F7xx_HAL_Driver/Inc/Legacy -I../Drivers/CMSIS/Device/ST/STM32F7xx/Include -I../Drivers/CMSIS/Include -O0 -ffunction-sections -fdata-sections -Wall -fstack-usage -fcyclomatic-complexity -MMD -MP -MF"Drivers/STM32F7xx_HAL_Driver/Src/stm32f7xx_hal_flash.d" -MT"Drivers/STM32F7xx_HAL_Driver/Src/stm32f7xx_hal_flash.o" --specs=nano.specs -mfpu=fpv5-d16 -mfloat-abi=hard -mthumb -o "Drivers/STM32F7xx_HAL_Driver/Src/stm32f7xx_hal_flash.o"
arm-none-eabi-gcc "../Drivers/STM32F7xx_HAL_Driver/Src/stm32f7xx_hal_flash_ex.c" -mcpu=cortex-m7 -std=gnu11 -g3 -DDEBUG -DUSE_HAL_DRIVER -DSTM32F767xx -c -I../Core/Inc -I../Drivers/STM32F7xx_HAL_Driver/Inc -I../Drivers/STM32F7xx_HAL_Driver/Inc/Legacy -I../Drivers/CMSIS/Device/ST/STM32F7xx/Include -I../Drivers/CMSIS/Include -O0 -ffunction-sections -fdata-sections -Wall -fstack-usage -fcyclomatic-complexity -MMD -MP -MF"Drivers/STM32F7xx_HAL_Driver/Src/stm32f7xx_hal_flash_ex.d" -MT"Drivers/STM32F7xx_HAL_Driver/Src/stm32f7xx_hal_flash_ex.o" --specs=nano.specs -mfpu=fpv5-d16 -mfloat-abi=hard -mthumb -o "Drivers/STM32F7xx_HAL_Driver/Src/stm32f7xx_hal_flash_ex.o"
arm-none-eabi-gcc "../Drivers/STM32F7xx_HAL_Driver/Src/stm32f7xx_hal_gpio.c" -mcpu=cortex-m7 -std=gnu11 -g3 -DDEBUG -DUSE_HAL_DRIVER -DSTM32F767xx -c -I../Core/Inc -I../Drivers/STM32F7xx_HAL_Driver/Inc -I../Drivers/STM32F7xx_HAL_Driver/Inc/Legacy -I../Drivers/CMSIS/Device/ST/STM32F7xx/Include -I../Drivers/CMSIS/Include -O0 -ffunction-sections -fdata-sections -Wall -fstack-usage -fcyclomatic-complexity -MMD -MP -MF"Drivers/STM32F7xx_HAL_Driver/Src/stm32f7xx_hal_gpio.d" -MT"Drivers/STM32F7xx_HAL_Driver/Src/stm32f7xx_hal_gpio.o" --specs=nano.specs -mfpu=fpv5-d16 -mfloat-abi=hard -mthumb -o "Drivers/STM32F7xx_HAL_Driver/Src/stm32f7xx_hal_gpio.o"
arm-none-eabi-gcc "../Drivers/STM32F7xx_HAL_Driver/Src/stm32f7xx_hal_i2c.c" -mcpu=cortex-m7 -std=gnu11 -g3 -DDEBUG -DUSE_HAL_DRIVER -DSTM32F767xx -c -I../Core/Inc -I../Drivers/STM32F7xx_HAL_Driver/Inc -I../Drivers/STM32F7xx_HAL_Driver/Inc/Legacy -I../Drivers/CMSIS/Device/ST/STM32F7xx/Include -I../Drivers/CMSIS/Include -O0 -ffunction-sections -fdata-sections -Wall -fstack-usage -fcyclomatic-complexity -MMD -MP -MF"Drivers/STM32F7xx_HAL_Driver/Src/stm32f7xx_hal_i2c.d" -MT"Drivers/STM32F7xx_HAL_Driver/Src/stm32f7xx_hal_i2c.o" --specs=nano.specs -mfpu=fpv5-d16 -mfloat-abi=hard -mthumb -o "Drivers/STM32F7xx_HAL_Driver/Src/stm32f7xx_hal_i2c.o"
arm-none-eabi-gcc "../Drivers/STM32F7xx_HAL_Driver/Src/stm32f7xx_hal_i2c_ex.c" -mcpu=cortex-m7 -std=gnu11 -g3 -DDEBUG -DUSE_HAL_DRIVER -DSTM32F767xx -c -I../Core/Inc -I../Drivers/STM32F7xx_HAL_Driver/Inc -I../Drivers/STM32F7xx_HAL_Driver/Inc/Legacy -I../Drivers/CMSIS/Device/ST/STM32F7xx/Include -I../Drivers/CMSIS/Include -O0 -ffunction-sections -fdata-sections -Wall -fstack-usage -fcyclomatic-complexity -MMD -MP -MF"Drivers/STM32F7xx_HAL_Driver/Src/stm32f7xx_hal_i2c_ex.d" -MT"Drivers/STM32F7xx_HAL_Driver/Src/stm32f7xx_hal_i2c_ex.o" --specs=nano.specs -mfpu=fpv5-d16 -mfloat-abi=hard -mthumb -o "Drivers/STM32F7xx_HAL_Driver/Src/stm32f7xx_hal_i2c_ex.o"
arm-none-eabi-gcc "../Drivers/STM32F7xx_HAL_Driver/Src/stm32f7xx_hal_pcd.c" -mcpu=cortex-m7 -std=gnu11 -g3 -DDEBUG -DUSE_HAL_DRIVER -DSTM32F767xx -c -I../Core/Inc -I../Drivers/STM32F7xx_HAL_Driver/Inc -I../Drivers/STM32F7xx_HAL_Driver/Inc/Legacy -I../Drivers/CMSIS/Device/ST/STM32F7xx/Include -I../Drivers/CMSIS/Include -O0 -ffunction-sections -fdata-sections -Wall -fstack-usage -fcyclomatic-complexity -MMD -MP -MF"Drivers/STM32F7xx_HAL_Driver/Src/stm32f7xx_hal_pcd.d" -MT"Drivers/STM32F7xx_HAL_Driver/Src/stm32f7xx_hal_pcd.o" --specs=nano.specs -mfpu=fpv5-d16 -mfloat-abi=hard -mthumb -o "Drivers/STM32F7xx_HAL_Driver/Src/stm32f7xx_hal_pcd.o"
arm-none-eabi-gcc "../Drivers/STM32F7xx_HAL_Driver/Src/stm32f7xx_hal_pcd_ex.c" -mcpu=cortex-m7 -std=gnu11 -g3 -DDEBUG -DUSE_HAL_DRIVER -DSTM32F767xx -c -I../Core/Inc -I../Drivers/STM32F7xx_HAL_Driver/Inc -I../Drivers/STM32F7xx_HAL_Driver/Inc/Legacy -I../Drivers/CMSIS/Device/ST/STM32F7xx/Include -I../Drivers/CMSIS/Include -O0 -ffunction-sections -fdata-sections -Wall -fstack-usage -fcyclomatic-complexity -MMD -MP -MF"Drivers/STM32F7xx_HAL_Driver/Src/stm32f7xx_hal_pcd_ex.d" -MT"Drivers/STM32F7xx_HAL_Driver/Src/stm32f7xx_hal_pcd_ex.o" --specs=nano.specs -mfpu=fpv5-d16 -mfloat-abi=hard -mthumb -o "Drivers/STM32F7xx_HAL_Driver/Src/stm32f7xx_hal_pcd_ex.o"
arm-none-eabi-gcc "../Drivers/STM32F7xx_HAL_Driver/Src/stm32f7xx_hal_pwr.c" -mcpu=cortex-m7 -std=gnu11 -g3 -DDEBUG -DUSE_HAL_DRIVER -DSTM32F767xx -c -I../Core/Inc -I../Drivers/STM32F7xx_HAL_Driver/Inc -I../Drivers/STM32F7xx_HAL_Driver/Inc/Legacy -I../Drivers/CMSIS/Device/ST/STM32F7xx/Include -I../Drivers/CMSIS/Include -O0 -ffunction-sections -fdata-sections -Wall -fstack-usage -fcyclomatic-complexity -MMD -MP -MF"Drivers/STM32F7xx_HAL_Driver/Src/stm32f7xx_hal_pwr.d" -MT"Drivers/STM32F7xx_HAL_Driver/Src/stm32f7xx_hal_pwr.o" --specs=nano.specs -mfpu=fpv5-d16 -mfloat-abi=hard -mthumb -o "Drivers/STM32F7xx_HAL_Driver/Src/stm32f7xx_hal_pwr.o"
arm-none-eabi-gcc "../Drivers/STM32F7xx_HAL_Driver/Src/stm32f7xx_hal_pwr_ex.c" -mcpu=cortex-m7 -std=gnu11 -g3 -DDEBUG -DUSE_HAL_DRIVER -DSTM32F767xx -c -I../Core/Inc -I../Drivers/STM32F7xx_HAL_Driver/Inc -I../Drivers/STM32F7xx_HAL_Driver/Inc/Legacy -I../Drivers/CMSIS/Device/ST/STM32F7xx/Include -I../Drivers/CMSIS/Include -O0 -ffunction-sections -fdata-sections -Wall -fstack-usage -fcyclomatic-complexity -MMD -MP -MF"Drivers/STM32F7xx_HAL_Driver/Src/stm32f7xx_hal_pwr_ex.d" -MT"Drivers/STM32F7xx_HAL_Driver/Src/stm32f7xx_hal_pwr_ex.o" --specs=nano.specs -mfpu=fpv5-d16 -mfloat-abi=hard -mthumb -o "Drivers/STM32F7xx_HAL_Driver/Src/stm32f7xx_hal_pwr_ex.o"
arm-none-eabi-gcc "../Drivers/STM32F7xx_HAL_Driver/Src/stm32f7xx_hal_rcc.c" -mcpu=cortex-m7 -std=gnu11 -g3 -DDEBUG -DUSE_HAL_DRIVER -DSTM32F767xx -c -I../Core/Inc -I../Drivers/STM32F7xx_HAL_Driver/Inc -I../Drivers/STM32F7xx_HAL_Driver/Inc/Legacy -I../Drivers/CMSIS/Device/ST/STM32F7xx/Include -I../Drivers/CMSIS/Include -O0 -ffunction-sections -fdata-sections -Wall -fstack-usage -fcyclomatic-complexity -MMD -MP -MF"Drivers/STM32F7xx_HAL_Driver/Src/stm32f7xx_hal_rcc.d" -MT"Drivers/STM32F7xx_HAL_Driver/Src/stm32f7xx_hal_rcc.o" --specs=nano.specs -mfpu=fpv5-d16 -mfloat-abi=hard -mthumb -o "Drivers/STM32F7xx_HAL_Driver/Src/stm32f7xx_hal_rcc.o"
arm-none-eabi-gcc "../Drivers/STM32F7xx_HAL_Driver/Src/stm32f7xx_hal_rcc_ex.c" -mcpu=cortex-m7 -std=gnu11 -g3 -DDEBUG -DUSE_HAL_DRIVER -DSTM32F767xx -c -I../Core/Inc -I../Drivers/STM32F7xx_HAL_Driver/Inc -I../Drivers/STM32F7xx_HAL_Driver/Inc/Legacy -I../Drivers/CMSIS/Device/ST/STM32F7xx/Include -I../Drivers/CMSIS/Include -O0 -ffunction-sections -fdata-sections -Wall -fstack-usage -fcyclomatic-complexity -MMD -MP -MF"Drivers/STM32F7xx_HAL_Driver/Src/stm32f7xx_hal_rcc_ex.d" -MT"Drivers/STM32F7xx_HAL_Driver/Src/stm32f7xx_hal_rcc_ex.o" --specs=nano.specs -mfpu=fpv5-d16 -mfloat-abi=hard -mthumb -o "Drivers/STM32F7xx_HAL_Driver/Src/stm32f7xx_hal_rcc_ex.o"
arm-none-eabi-gcc "../Drivers/STM32F7xx_HAL_Driver/Src/stm32f7xx_hal_tim.c" -mcpu=cortex-m7 -std=gnu11 -g3 -DDEBUG -DUSE_HAL_DRIVER -DSTM32F767xx -c -I../Core/Inc -I../Drivers/STM32F7xx_HAL_Driver/Inc -I../Drivers/STM32F7xx_HAL_Driver/Inc/Legacy -I../Drivers/CMSIS/Device/ST/STM32F7xx/Include -I../Drivers/CMSIS/Include -O0 -ffunction-sections -fdata-sections -Wall -fstack-usage -fcyclomatic-complexity -MMD -MP -MF"Drivers/STM32F7xx_HAL_Driver/Src/stm32f7xx_hal_tim.d" -MT"Drivers/STM32F7xx_HAL_Driver/Src/stm32f7xx_hal_tim.o" --specs=nano.specs -mfpu=fpv5-d16 -mfloat-abi=hard -mthumb -o "Drivers/STM32F7xx_HAL_Driver/Src/stm32f7xx_hal_tim.o"
arm-none-eabi-gcc "../Drivers/STM32F7xx_HAL_Driver/Src/stm32f7xx_hal_tim_ex.c" -mcpu=cortex-m7 -std=gnu11 -g3 -DDEBUG -DUSE_HAL_DRIVER -DSTM32F767xx -c -I../Core/Inc -I../Drivers/STM32F7xx_HAL_Driver/Inc -I../Drivers/STM32F7xx_HAL_Driver/Inc/Legacy -I../Drivers/CMSIS/Device/ST/STM32F7xx/Include -I../Drivers/CMSIS/Include -O0 -ffunction-sections -fdata-sections -Wall -fstack-usage -fcyclomatic-complexity -MMD -MP -MF"Drivers/STM32F7xx_HAL_Driver/Src/stm32f7xx_hal_tim_ex.d" -MT"Drivers/STM32F7xx_HAL_Driver/Src/stm32f7xx_hal_tim_ex.o" --specs=nano.specs -mfpu=fpv5-d16 -mfloat-abi=hard -mthumb -o "Drivers/STM32F7xx_HAL_Driver/Src/stm32f7xx_hal_tim_ex.o"
arm-none-eabi-gcc "../Drivers/STM32F7xx_HAL_Driver/Src/stm32f7xx_hal_uart.c" -mcpu=cortex-m7 -std=gnu11 -g3 -DDEBUG -DUSE_HAL_DRIVER -DSTM32F767xx -c -I../Core/Inc -I../Drivers/STM32F7xx_HAL_Driver/Inc -I../Drivers/STM32F7xx_HAL_Driver/Inc/Legacy -I../Drivers/CMSIS/Device/ST/STM32F7xx/Include -I../Drivers/CMSIS/Include -O0 -ffunction-sections -fdata-sections -Wall -fstack-usage -fcyclomatic-complexity -MMD -MP -MF"Drivers/STM32F7xx_HAL_Driver/Src/stm32f7xx_hal_uart.d" -MT"Drivers/STM32F7xx_HAL_Driver/Src/stm32f7xx_hal_uart.o" --specs=nano.specs -mfpu=fpv5-d16 -mfloat-abi=hard -mthumb -o "Drivers/STM32F7xx_HAL_Driver/Src/stm32f7xx_hal_uart.o"
arm-none-eabi-gcc "../Drivers/STM32F7xx_HAL_Driver/Src/stm32f7xx_hal_uart_ex.c" -mcpu=cortex-m7 -std=gnu11 -g3 -DDEBUG -DUSE_HAL_DRIVER -DSTM32F767xx -c -I../Core/Inc -I../Drivers/STM32F7xx_HAL_Driver/Inc -I../Drivers/STM32F7xx_HAL_Driver/Inc/Legacy -I../Drivers/CMSIS/Device/ST/STM32F7xx/Include -I../Drivers/CMSIS/Include -O0 -ffunction-sections -fdata-sections -Wall -fstack-usage -fcyclomatic-complexity -MMD -MP -MF"Drivers/STM32F7xx_HAL_Driver/Src/stm32f7xx_hal_uart_ex.d" -MT"Drivers/STM32F7xx_HAL_Driver/Src/stm32f7xx_hal_uart_ex.o" --specs=nano.specs -mfpu=fpv5-d16 -mfloat-abi=hard -mthumb -o "Drivers/STM32F7xx_HAL_Driver/Src/stm32f7xx_hal_uart_ex.o"
arm-none-eabi-gcc "../Drivers/STM32F7xx_HAL_Driver/Src/stm32f7xx_ll_usb.c" -mcpu=cortex-m7 -std=gnu11 -g3 -DDEBUG -DUSE_HAL_DRIVER -DSTM32F767xx -c -I../Core/Inc -I../Drivers/STM32F7xx_HAL_Driver/Inc -I../Drivers/STM32F7xx_HAL_Driver/Inc/Legacy -I../Drivers/CMSIS/Device/ST/STM32F7xx/Include -I../Drivers/CMSIS/Include -O0 -ffunction-sections -fdata-sections -Wall -fstack-usage -fcyclomatic-complexity -MMD -MP -MF"Drivers/STM32F7xx_HAL_Driver/Src/stm32f7xx_ll_usb.d" -MT"Drivers/STM32F7xx_HAL_Driver/Src/stm32f7xx_ll_usb.o" --specs=nano.specs -mfpu=fpv5-d16 -mfloat-abi=hard -mthumb -o "Drivers/STM32F7xx_HAL_Driver/Src/stm32f7xx_ll_usb.o"
arm-none-eabi-gcc -mcpu=cortex-m7 -g3 -DDEBUG -c -x assembler-with-cpp -MMD -MP -MF"Core/Startup/startup_stm32f767zitx.d" -MT"Core/Startup/startup_stm32f767zitx.o" --specs=nano.specs -mfpu=fpv5-d16 -mfloat-abi=hard -mthumb -o "Core/Startup/startup_stm32f767zitx.o" "../Core/Startup/startup_stm32f767zitx.s"
arm-none-eabi-gcc "../Core/Src/eth.c" -mcpu=cortex-m7 -std=gnu11 -g3 -DDEBUG -DUSE_HAL_DRIVER -DSTM32F767xx -c -I../Core/Inc -I../Drivers/STM32F7xx_HAL_Driver/Inc -I../Drivers/STM32F7xx_HAL_Driver/Inc/Legacy -I../Drivers/CMSIS/Device/ST/STM32F7xx/Include -I../Drivers/CMSIS/Include -O0 -ffunction-sections -fdata-sections -Wall -fstack-usage -fcyclomatic-complexity -MMD -MP -MF"Core/Src/eth.d" -MT"Core/Src/eth.o" --specs=nano.specs -mfpu=fpv5-d16 -mfloat-abi=hard -mthumb -o "Core/Src/eth.o"
arm-none-eabi-gcc "../Core/Src/gpio.c" -mcpu=cortex-m7 -std=gnu11 -g3 -DDEBUG -DUSE_HAL_DRIVER -DSTM32F767xx -c -I../Core/Inc -I../Drivers/STM32F7xx_HAL_Driver/Inc -I../Drivers/STM32F7xx_HAL_Driver/Inc/Legacy -I../Drivers/CMSIS/Device/ST/STM32F7xx/Include -I../Drivers/CMSIS/Include -O0 -ffunction-sections -fdata-sections -Wall -fstack-usage -fcyclomatic-complexity -MMD -MP -MF"Core/Src/gpio.d" -MT"Core/Src/gpio.o" --specs=nano.specs -mfpu=fpv5-d16 -mfloat-abi=hard -mthumb -o "Core/Src/gpio.o"
arm-none-eabi-gcc "../Core/Src/main.c" -mcpu=cortex-m7 -std=gnu11 -g3 -DDEBUG -DUSE_HAL_DRIVER -DSTM32F767xx -c -I../Core/Inc -I../Drivers/STM32F7xx_HAL_Driver/Inc -I../Drivers/STM32F7xx_HAL_Driver/Inc/Legacy -I../Drivers/CMSIS/Device/ST/STM32F7xx/Include -I../Drivers/CMSIS/Include -O0 -ffunction-sections -fdata-sections -Wall -fstack-usage -fcyclomatic-complexity -MMD -MP -MF"Core/Src/main.d" -MT"Core/Src/main.o" --specs=nano.specs -mfpu=fpv5-d16 -mfloat-abi=hard -mthumb -o "Core/Src/main.o"
arm-none-eabi-gcc "../Core/Src/stm32f7xx_hal_msp.c" -mcpu=cortex-m7 -std=gnu11 -g3 -DDEBUG -DUSE_HAL_DRIVER -DSTM32F767xx -c -I../Core/Inc -I../Drivers/STM32F7xx_HAL_Driver/Inc -I../Drivers/STM32F7xx_HAL_Driver/Inc/Legacy -I../Drivers/CMSIS/Device/ST/STM32F7xx/Include -I../Drivers/CMSIS/Include -O0 -ffunction-sections -fdata-sections -Wall -fstack-usage -fcyclomatic-complexity -MMD -MP -MF"Core/Src/stm32f7xx_hal_msp.d" -MT"Core/Src/stm32f7xx_hal_msp.o" --specs=nano.specs -mfpu=fpv5-d16 -mfloat-abi=hard -mthumb -o "Core/Src/stm32f7xx_hal_msp.o"
arm-none-eabi-gcc "../Core/Src/stm32f7xx_it.c" -mcpu=cortex-m7 -std=gnu11 -g3 -DDEBUG -DUSE_HAL_DRIVER -DSTM32F767xx -c -I../Core/Inc -I../Drivers/STM32F7xx_HAL_Driver/Inc -I../Drivers/STM32F7xx_HAL_Driver/Inc/Legacy -I../Drivers/CMSIS/Device/ST/STM32F7xx/Include -I../Drivers/CMSIS/Include -O0 -ffunction-sections -fdata-sections -Wall -fstack-usage -fcyclomatic-complexity -MMD -MP -MF"Core/Src/stm32f7xx_it.d" -MT"Core/Src/stm32f7xx_it.o" --specs=nano.specs -mfpu=fpv5-d16 -mfloat-abi=hard -mthumb -o "Core/Src/stm32f7xx_it.o"
arm-none-eabi-gcc "../Core/Src/syscalls.c" -mcpu=cortex-m7 -std=gnu11 -g3 -DDEBUG -DUSE_HAL_DRIVER -DSTM32F767xx -c -I../Core/Inc -I../Drivers/STM32F7xx_HAL_Driver/Inc -I../Drivers/STM32F7xx_HAL_Driver/Inc/Legacy -I../Drivers/CMSIS/Device/ST/STM32F7xx/Include -I../Drivers/CMSIS/Include -O0 -ffunction-sections -fdata-sections -Wall -fstack-usage -fcyclomatic-complexity -MMD -MP -MF"Core/Src/syscalls.d" -MT"Core/Src/syscalls.o" --specs=nano.specs -mfpu=fpv5-d16 -mfloat-abi=hard -mthumb -o "Core/Src/syscalls.o"
arm-none-eabi-gcc "../Core/Src/sysmem.c" -mcpu=cortex-m7 -std=gnu11 -g3 -DDEBUG -DUSE_HAL_DRIVER -DSTM32F767xx -c -I../Core/Inc -I../Drivers/STM32F7xx_HAL_Driver/Inc -I../Drivers/STM32F7xx_HAL_Driver/Inc/Legacy -I../Drivers/CMSIS/Device/ST/STM32F7xx/Include -I../Drivers/CMSIS/Include -O0 -ffunction-sections -fdata-sections -Wall -fstack-usage -fcyclomatic-complexity -MMD -MP -MF"Core/Src/sysmem.d" -MT"Core/Src/sysmem.o" --specs=nano.specs -mfpu=fpv5-d16 -mfloat-abi=hard -mthumb -o "Core/Src/sysmem.o"
arm-none-eabi-gcc "../Core/Src/system_stm32f7xx.c" -mcpu=cortex-m7 -std=gnu11 -g3 -DDEBUG -DUSE_HAL_DRIVER -DSTM32F767xx -c -I../Core/Inc -I../Drivers/STM32F7xx_HAL_Driver/Inc -I../Drivers/STM32F7xx_HAL_Driver/Inc/Legacy -I../Drivers/CMSIS/Device/ST/STM32F7xx/Include -I../Drivers/CMSIS/Include -O0 -ffunction-sections -fdata-sections -Wall -fstack-usage -fcyclomatic-complexity -MMD -MP -MF"Core/Src/system_stm32f7xx.d" -MT"Core/Src/system_stm32f7xx.o" --specs=nano.specs -mfpu=fpv5-d16 -mfloat-abi=hard -mthumb -o "Core/Src/system_stm32f7xx.o"
arm-none-eabi-gcc "../Core/Src/tim.c" -mcpu=cortex-m7 -std=gnu11 -g3 -DDEBUG -DUSE_HAL_DRIVER -DSTM32F767xx -c -I../Core/Inc -I../Drivers/STM32F7xx_HAL_Driver/Inc -I../Drivers/STM32F7xx_HAL_Driver/Inc/Legacy -I../Drivers/CMSIS/Device/ST/STM32F7xx/Include -I../Drivers/CMSIS/Include -O0 -ffunction-sections -fdata-sections -Wall -fstack-usage -fcyclomatic-complexity -MMD -MP -MF"Core/Src/tim.d" -MT"Core/Src/tim.o" --specs=nano.specs -mfpu=fpv5-d16 -mfloat-abi=hard -mthumb -o "Core/Src/tim.o"
arm-none-eabi-gcc "../Core/Src/usart.c" -mcpu=cortex-m7 -std=gnu11 -g3 -DDEBUG -DUSE_HAL_DRIVER -DSTM32F767xx -c -I../Core/Inc -I../Drivers/STM32F7xx_HAL_Driver/Inc -I../Drivers/STM32F7xx_HAL_Driver/Inc/Legacy -I../Drivers/CMSIS/Device/ST/STM32F7xx/Include -I../Drivers/CMSIS/Include -O0 -ffunction-sections -fdata-sections -Wall -fstack-usage -fcyclomatic-complexity -MMD -MP -MF"Core/Src/usart.d" -MT"Core/Src/usart.o" --specs=nano.specs -mfpu=fpv5-d16 -mfloat-abi=hard -mthumb -o "Core/Src/usart.o"
../Core/Src/main.c: In function 'displayNumber':
../Core/Src/main.c:179:9: warning: implicit declaration of function 'sprintf' [-Wimplicit-function-declaration]
  179 |         sprintf(str, "Number = %d\n\r", n);
      |         ^~~~~~~
../Core/Src/main.c:24:1: note: include '<stdio.h>' or provide a declaration of 'sprintf'
   23 | #include "gpio.h"
  +++ |+#include <stdio.h>
   24 | 
../Core/Src/main.c:179:9: warning: incompatible implicit declaration of built-in function 'sprintf' [-Wbuiltin-declaration-mismatch]
  179 |         sprintf(str, "Number = %d\n\r", n);
      |         ^~~~~~~
../Core/Src/main.c:179:9: note: include '<stdio.h>' or provide a declaration of 'sprintf'
../Core/Src/main.c:179:33: warning: format '%d' expects argument of type 'int', but argument 3 has type 'uint32_t' {aka 'long unsigned int'} [-Wformat=]
  179 |         sprintf(str, "Number = %d\n\r", n);
      |                                ~^       ~
      |                                 |       |
      |                                 int     uint32_t {aka long unsigned int}
      |                                %ld
../Core/Src/main.c:180:52: warning: implicit declaration of function 'strlen' [-Wimplicit-function-declaration]
  180 |         HAL_UART_Transmit(&huart3, (uint8_t*) str, strlen(str), 1000);
      |                                                    ^~~~~~
../Core/Src/main.c:24:1: note: include '<string.h>' or provide a declaration of 'strlen'
   23 | #include "gpio.h"
  +++ |+#include <string.h>
   24 | 
../Core/Src/main.c:180:52: warning: incompatible implicit declaration of built-in function 'strlen' [-Wbuiltin-declaration-mismatch]
  180 |         HAL_UART_Transmit(&huart3, (uint8_t*) str, strlen(str), 1000);
      |                                                    ^~~~~~
../Core/Src/main.c:180:52: note: include '<string.h>' or provide a declaration of 'strlen'
../Core/Src/main.c: In function 'displayTime':
../Core/Src/main.c:188:9: warning: incompatible implicit declaration of built-in function 'sprintf' [-Wbuiltin-declaration-mismatch]
  188 |         sprintf(str, "%02d:%02d\r", mm,ss);
      |         ^~~~~~~
../Core/Src/main.c:188:9: note: include '<stdio.h>' or provide a declaration of 'sprintf'
../Core/Src/main.c:189:52: warning: incompatible implicit declaration of built-in function 'strlen' [-Wbuiltin-declaration-mismatch]
  189 |         HAL_UART_Transmit(&huart3, (uint8_t*) str, strlen(str), 1000);
      |                                                    ^~~~~~
../Core/Src/main.c:189:52: note: include '<string.h>' or provide a declaration of 'strlen'
../Core/Src/main.c: At top level:
../Core/Src/main.c:53:13: warning: 'MPU_Initialize' declared 'static' but never defined [-Wunused-function]
   53 | static void MPU_Initialize(void);
      |             ^~~~~~~~~~~~~~
arm-none-eabi-gcc "../Core/Src/usb_otg.c" -mcpu=cortex-m7 -std=gnu11 -g3 -DDEBUG -DUSE_HAL_DRIVER -DSTM32F767xx -c -I../Core/Inc -I../Drivers/STM32F7xx_HAL_Driver/Inc -I../Drivers/STM32F7xx_HAL_Driver/Inc/Legacy -I../Drivers/CMSIS/Device/ST/STM32F7xx/Include -I../Drivers/CMSIS/Include -O0 -ffunction-sections -fdata-sections -Wall -fstack-usage -fcyclomatic-complexity -MMD -MP -MF"Core/Src/usb_otg.d" -MT"Core/Src/usb_otg.o" --specs=nano.specs -mfpu=fpv5-d16 -mfloat-abi=hard -mthumb -o "Core/Src/usb_otg.o"
arm-none-eabi-gcc -o "Lab06_NeoArmstrongCycloneJetArmstrong.elf" @"objects.list"   -mcpu=cortex-m7 -T"D:\KMITL\3D\MAD\MAD_Lab\Lab06_NeoArmstrongCycloneJetArmstrong\STM32F767ZITX_FLASH.ld" --specs=nosys.specs -Wl,-Map="Lab06_NeoArmstrongCycloneJetArmstrong.map" -Wl,--gc-sections -static --specs=nano.specs -mfpu=fpv5-d16 -mfloat-abi=hard -mthumb -Wl,--start-group -lc -lm -Wl,--end-group
Finished building target: Lab06_NeoArmstrongCycloneJetArmstrong.elf
 
arm-none-eabi-size   Lab06_NeoArmstrongCycloneJetArmstrong.elf 
arm-none-eabi-objdump -h -S  Lab06_NeoArmstrongCycloneJetArmstrong.elf  > "Lab06_NeoArmstrongCycloneJetArmstrong.list"
   text	   data	    bss	    dec	    hex	filename
  17568	    100	   2196	  19864	   4d98	Lab06_NeoArmstrongCycloneJetArmstrong.elf
Finished building: default.size.stdout
 
Finished building: Lab06_NeoArmstrongCycloneJetArmstrong.list
 
17:38:22 **** Incremental Build of configuration Debug for project Lab06_NeoArmstrongCycloneJetArmstrong ****
make -j16 all 
arm-none-eabi-size   Lab06_NeoArmstrongCycloneJetArmstrong.elf 
   text	   data	    bss	    dec	    hex	filename
  17568	    100	   2196	  19864	   4d98	Lab06_NeoArmstrongCycloneJetArmstrong.elf
Finished building: default.size.stdout
 
17:39:46 **** Incremental Build of configuration Debug for project Lab06_NeoArmstrongCycloneJetArmstrong ****
make -j16 all 
arm-none-eabi-gcc "../Core/Src/main.c" -mcpu=cortex-m7 -std=gnu11 -g3 -DDEBUG -DUSE_HAL_DRIVER -DSTM32F767xx -c -I../Core/Inc -I../Drivers/STM32F7xx_HAL_Driver/Inc -I../Drivers/STM32F7xx_HAL_Driver/Inc/Legacy -I../Drivers/CMSIS/Device/ST/STM32F7xx/Include -I../Drivers/CMSIS/Include -O0 -ffunction-sections -fdata-sections -Wall -fstack-usage -fcyclomatic-complexity -MMD -MP -MF"Core/Src/main.d" -MT"Core/Src/main.o" --specs=nano.specs -mfpu=fpv5-d16 -mfloat-abi=hard -mthumb -o "Core/Src/main.o"
arm-none-eabi-gcc "../Core/Src/stm32f7xx_it.c" -mcpu=cortex-m7 -std=gnu11 -g3 -DDEBUG -DUSE_HAL_DRIVER -DSTM32F767xx -c -I../Core/Inc -I../Drivers/STM32F7xx_HAL_Driver/Inc -I../Drivers/STM32F7xx_HAL_Driver/Inc/Legacy -I../Drivers/CMSIS/Device/ST/STM32F7xx/Include -I../Drivers/CMSIS/Include -O0 -ffunction-sections -fdata-sections -Wall -fstack-usage -fcyclomatic-complexity -MMD -MP -MF"Core/Src/stm32f7xx_it.d" -MT"Core/Src/stm32f7xx_it.o" --specs=nano.specs -mfpu=fpv5-d16 -mfloat-abi=hard -mthumb -o "Core/Src/stm32f7xx_it.o"
arm-none-eabi-gcc "../Core/Src/tim.c" -mcpu=cortex-m7 -std=gnu11 -g3 -DDEBUG -DUSE_HAL_DRIVER -DSTM32F767xx -c -I../Core/Inc -I../Drivers/STM32F7xx_HAL_Driver/Inc -I../Drivers/STM32F7xx_HAL_Driver/Inc/Legacy -I../Drivers/CMSIS/Device/ST/STM32F7xx/Include -I../Drivers/CMSIS/Include -O0 -ffunction-sections -fdata-sections -Wall -fstack-usage -fcyclomatic-complexity -MMD -MP -MF"Core/Src/tim.d" -MT"Core/Src/tim.o" --specs=nano.specs -mfpu=fpv5-d16 -mfloat-abi=hard -mthumb -o "Core/Src/tim.o"
../Core/Src/main.c: In function 'displayNumber':
../Core/Src/main.c:181:9: warning: implicit declaration of function 'sprintf' [-Wimplicit-function-declaration]
  181 |         sprintf(str, "Number = %d\n\r", n);
      |         ^~~~~~~
../Core/Src/main.c:26:1: note: include '<stdio.h>' or provide a declaration of 'sprintf'
   25 | #include "gpio.h"
  +++ |+#include <stdio.h>
   26 | 
../Core/Src/main.c:181:9: warning: incompatible implicit declaration of built-in function 'sprintf' [-Wbuiltin-declaration-mismatch]
  181 |         sprintf(str, "Number = %d\n\r", n);
      |         ^~~~~~~
../Core/Src/main.c:181:9: note: include '<stdio.h>' or provide a declaration of 'sprintf'
../Core/Src/main.c:181:33: warning: format '%d' expects argument of type 'int', but argument 3 has type 'uint32_t' {aka 'long unsigned int'} [-Wformat=]
  181 |         sprintf(str, "Number = %d\n\r", n);
      |                                ~^       ~
      |                                 |       |
      |                                 int     uint32_t {aka long unsigned int}
      |                                %ld
../Core/Src/main.c:182:52: warning: implicit declaration of function 'strlen' [-Wimplicit-function-declaration]
  182 |         HAL_UART_Transmit(&huart3, (uint8_t*) str, strlen(str), 1000);
      |                                                    ^~~~~~
../Core/Src/main.c:26:1: note: include '<string.h>' or provide a declaration of 'strlen'
   25 | #include "gpio.h"
  +++ |+#include <string.h>
   26 | 
../Core/Src/main.c:182:52: warning: incompatible implicit declaration of built-in function 'strlen' [-Wbuiltin-declaration-mismatch]
  182 |         HAL_UART_Transmit(&huart3, (uint8_t*) str, strlen(str), 1000);
      |                                                    ^~~~~~
../Core/Src/main.c:182:52: note: include '<string.h>' or provide a declaration of 'strlen'
../Core/Src/main.c: In function 'displayTime':
../Core/Src/main.c:190:9: warning: incompatible implicit declaration of built-in function 'sprintf' [-Wbuiltin-declaration-mismatch]
  190 |         sprintf(str, "%02d:%02d\r", mm,ss);
      |         ^~~~~~~
../Core/Src/main.c:190:9: note: include '<stdio.h>' or provide a declaration of 'sprintf'
../Core/Src/main.c:191:52: warning: incompatible implicit declaration of built-in function 'strlen' [-Wbuiltin-declaration-mismatch]
  191 |         HAL_UART_Transmit(&huart3, (uint8_t*) str, strlen(str), 1000);
      |                                                    ^~~~~~
../Core/Src/main.c:191:52: note: include '<string.h>' or provide a declaration of 'strlen'
arm-none-eabi-gcc -o "Lab06_NeoArmstrongCycloneJetArmstrong.elf" @"objects.list"   -mcpu=cortex-m7 -T"D:\KMITL\3D\MAD\MAD_Lab\Lab06_NeoArmstrongCycloneJetArmstrong\STM32F767ZITX_FLASH.ld" --specs=nosys.specs -Wl,-Map="Lab06_NeoArmstrongCycloneJetArmstrong.map" -Wl,--gc-sections -static --specs=nano.specs -mfpu=fpv5-d16 -mfloat-abi=hard -mthumb -Wl,--start-group -lc -lm -Wl,--end-group
Finished building target: Lab06_NeoArmstrongCycloneJetArmstrong.elf
 
arm-none-eabi-size   Lab06_NeoArmstrongCycloneJetArmstrong.elf 
arm-none-eabi-objdump -h -S  Lab06_NeoArmstrongCycloneJetArmstrong.elf  > "Lab06_NeoArmstrongCycloneJetArmstrong.list"
   text	   data	    bss	    dec	    hex	filename
  22104	    420	   3724	  26248	   6688	Lab06_NeoArmstrongCycloneJetArmstrong.elf
Finished building: default.size.stdout
 
Finished building: Lab06_NeoArmstrongCycloneJetArmstrong.list
 
17:41:47 **** Incremental Build of configuration Debug for project Lab06_NeoArmstrongCycloneJetArmstrong ****
make -j16 all 
arm-none-eabi-gcc "../Core/Src/tim.c" -mcpu=cortex-m7 -std=gnu11 -g3 -DDEBUG -DUSE_HAL_DRIVER -DSTM32F767xx -c -I../Core/Inc -I../Drivers/STM32F7xx_HAL_Driver/Inc -I../Drivers/STM32F7xx_HAL_Driver/Inc/Legacy -I../Drivers/CMSIS/Device/ST/STM32F7xx/Include -I../Drivers/CMSIS/Include -O0 -ffunction-sections -fdata-sections -Wall -fstack-usage -fcyclomatic-complexity -MMD -MP -MF"Core/Src/tim.d" -MT"Core/Src/tim.o" --specs=nano.specs -mfpu=fpv5-d16 -mfloat-abi=hard -mthumb -o "Core/Src/tim.o"
arm-none-eabi-gcc -o "Lab06_NeoArmstrongCycloneJetArmstrong.elf" @"objects.list"   -mcpu=cortex-m7 -T"D:\KMITL\3D\MAD\MAD_Lab\Lab06_NeoArmstrongCycloneJetArmstrong\STM32F767ZITX_FLASH.ld" --specs=nosys.specs -Wl,-Map="Lab06_NeoArmstrongCycloneJetArmstrong.map" -Wl,--gc-sections -static --specs=nano.specs -mfpu=fpv5-d16 -mfloat-abi=hard -mthumb -Wl,--start-group -lc -lm -Wl,--end-group
Finished building target: Lab06_NeoArmstrongCycloneJetArmstrong.elf
 
arm-none-eabi-size   Lab06_NeoArmstrongCycloneJetArmstrong.elf 
arm-none-eabi-objdump -h -S  Lab06_NeoArmstrongCycloneJetArmstrong.elf  > "Lab06_NeoArmstrongCycloneJetArmstrong.list"
   text	   data	    bss	    dec	    hex	filename
  22124	    420	   3724	  26268	   669c	Lab06_NeoArmstrongCycloneJetArmstrong.elf
Finished building: default.size.stdout
 
Finished building: Lab06_NeoArmstrongCycloneJetArmstrong.list
 
17:44:56 **** Incremental Build of configuration Debug for project Lab06_NeoArmstrongCycloneJetArmstrong ****
make -j16 all 
arm-none-eabi-gcc "../Core/Src/main.c" -mcpu=cortex-m7 -std=gnu11 -g3 -DDEBUG -DUSE_HAL_DRIVER -DSTM32F767xx -c -I../Core/Inc -I../Drivers/STM32F7xx_HAL_Driver/Inc -I../Drivers/STM32F7xx_HAL_Driver/Inc/Legacy -I../Drivers/CMSIS/Device/ST/STM32F7xx/Include -I../Drivers/CMSIS/Include -O0 -ffunction-sections -fdata-sections -Wall -fstack-usage -fcyclomatic-complexity -MMD -MP -MF"Core/Src/main.d" -MT"Core/Src/main.o" --specs=nano.specs -mfpu=fpv5-d16 -mfloat-abi=hard -mthumb -o "Core/Src/main.o"
arm-none-eabi-gcc "../Core/Src/stm32f7xx_it.c" -mcpu=cortex-m7 -std=gnu11 -g3 -DDEBUG -DUSE_HAL_DRIVER -DSTM32F767xx -c -I../Core/Inc -I../Drivers/STM32F7xx_HAL_Driver/Inc -I../Drivers/STM32F7xx_HAL_Driver/Inc/Legacy -I../Drivers/CMSIS/Device/ST/STM32F7xx/Include -I../Drivers/CMSIS/Include -O0 -ffunction-sections -fdata-sections -Wall -fstack-usage -fcyclomatic-complexity -MMD -MP -MF"Core/Src/stm32f7xx_it.d" -MT"Core/Src/stm32f7xx_it.o" --specs=nano.specs -mfpu=fpv5-d16 -mfloat-abi=hard -mthumb -o "Core/Src/stm32f7xx_it.o"
../Core/Src/main.c: In function 'displayNumber':
../Core/Src/main.c:181:9: warning: implicit declaration of function 'sprintf' [-Wimplicit-function-declaration]
  181 |         sprintf(str, "Number = %d\n\r", n);
      |         ^~~~~~~
../Core/Src/main.c:26:1: note: include '<stdio.h>' or provide a declaration of 'sprintf'
   25 | #include "gpio.h"
  +++ |+#include <stdio.h>
   26 | 
../Core/Src/main.c:181:9: warning: incompatible implicit declaration of built-in function 'sprintf' [-Wbuiltin-declaration-mismatch]
  181 |         sprintf(str, "Number = %d\n\r", n);
      |         ^~~~~~~
../Core/Src/main.c:181:9: note: include '<stdio.h>' or provide a declaration of 'sprintf'
../Core/Src/main.c:181:33: warning: format '%d' expects argument of type 'int', but argument 3 has type 'uint32_t' {aka 'long unsigned int'} [-Wformat=]
  181 |         sprintf(str, "Number = %d\n\r", n);
      |                                ~^       ~
      |                                 |       |
      |                                 int     uint32_t {aka long unsigned int}
      |                                %ld
../Core/Src/main.c:182:52: warning: implicit declaration of function 'strlen' [-Wimplicit-function-declaration]
[...]
      |                                                    ^~~~
      |                                                    |
      |                                                    char *
In file included from ../Core/Inc/stm32f7xx_hal_conf.h:415,
                 from ../Drivers/STM32F7xx_HAL_Driver/Inc/stm32f7xx_hal.h:29,
                 from ../Core/Inc/main.h:30,
                 from ../Core/Src/main.c:20:
../Drivers/STM32F7xx_HAL_Driver/Inc/stm32f7xx_hal_uart.h:1553:79: note: expected 'const uint8_t *' {aka 'const unsigned char *'} but argument is of type 'char *'
 1553 | HAL_StatusTypeDef HAL_UART_Transmit(UART_HandleTypeDef *huart, const uint8_t *pData, uint16_t Size, uint32_t Timeout);
      |                                                                ~~~~~~~~~~~~~~~^~~~~
../Core/Src/main.c:149:57: warning: implicit declaration of function 'strlen' [-Wimplicit-function-declaration]
  149 |                         HAL_UART_Transmit(&huart3, txt, strlen(txt), 1000);
      |                                                         ^~~~~~
../Core/Src/main.c:24:1: note: include '<string.h>' or provide a declaration of 'strlen'
   23 | #include "gpio.h"
  +++ |+#include <string.h>
   24 | 
../Core/Src/main.c:149:57: warning: incompatible implicit declaration of built-in function 'strlen' [-Wbuiltin-declaration-mismatch]
  149 |                         HAL_UART_Transmit(&huart3, txt, strlen(txt), 1000);
      |                                                         ^~~~~~
../Core/Src/main.c:149:57: note: include '<string.h>' or provide a declaration of 'strlen'
../Core/Src/main.c:149:52: warning: pointer targets in passing argument 2 of 'HAL_UART_Transmit' differ in signedness [-Wpointer-sign]
  149 |                         HAL_UART_Transmit(&huart3, txt, strlen(txt), 1000);
      |                                                    ^~~
      |                                                    |
      |                                                    char *
In file included from ../Core/Inc/stm32f7xx_hal_conf.h:415,
                 from ../Drivers/STM32F7xx_HAL_Driver/Inc/stm32f7xx_hal.h:29,
                 from ../Core/Inc/main.h:30,
                 from ../Core/Src/main.c:20:
../Drivers/STM32F7xx_HAL_Driver/Inc/stm32f7xx_hal_uart.h:1553:79: note: expected 'const uint8_t *' {aka 'const unsigned char *'} but argument is of type 'char *'
 1553 | HAL_StatusTypeDef HAL_UART_Transmit(UART_HandleTypeDef *huart, const uint8_t *pData, uint16_t Size, uint32_t Timeout);
      |                                                                ~~~~~~~~~~~~~~~^~~~~
../Core/Src/main.c:159:25: warning: incompatible implicit declaration of built-in function 'sprintf' [-Wbuiltin-declaration-mismatch]
  159 |                         sprintf(txt," - Duty cycle RGB | %.2f : %.2f : %.2f\r\n",dutyCycle_R,dutyCycle_G,dutyCycle_B);
      |                         ^~~~~~~
../Core/Src/main.c:159:25: note: include '<stdio.h>' or provide a declaration of 'sprintf'
../Core/Src/main.c:160:52: warning: pointer targets in passing argument 2 of 'HAL_UART_Transmit' differ in signedness [-Wpointer-sign]
  160 |                         HAL_UART_Transmit(&huart3, &ch1, 1, 1000);
      |                                                    ^~~~
      |                                                    |
      |                                                    char *
In file included from ../Core/Inc/stm32f7xx_hal_conf.h:415,
                 from ../Drivers/STM32F7xx_HAL_Driver/Inc/stm32f7xx_hal.h:29,
                 from ../Core/Inc/main.h:30,
                 from ../Core/Src/main.c:20:
../Drivers/STM32F7xx_HAL_Driver/Inc/stm32f7xx_hal_uart.h:1553:79: note: expected 'const uint8_t *' {aka 'const unsigned char *'} but argument is of type 'char *'
 1553 | HAL_StatusTypeDef HAL_UART_Transmit(UART_HandleTypeDef *huart, const uint8_t *pData, uint16_t Size, uint32_t Timeout);
      |                                                                ~~~~~~~~~~~~~~~^~~~~
../Core/Src/main.c:161:57: warning: incompatible implicit declaration of built-in function 'strlen' [-Wbuiltin-declaration-mismatch]
  161 |                         HAL_UART_Transmit(&huart3, txt, strlen(txt), 1000);
      |                                                         ^~~~~~
../Core/Src/main.c:161:57: note: include '<string.h>' or provide a declaration of 'strlen'
../Core/Src/main.c:161:52: warning: pointer targets in passing argument 2 of 'HAL_UART_Transmit' differ in signedness [-Wpointer-sign]
  161 |                         HAL_UART_Transmit(&huart3, txt, strlen(txt), 1000);
      |                                                    ^~~
      |                                                    |
      |                                                    char *
In file included from ../Core/Inc/stm32f7xx_hal_conf.h:415,
                 from ../Drivers/STM32F7xx_HAL_Driver/Inc/stm32f7xx_hal.h:29,
                 from ../Core/Inc/main.h:30,
                 from ../Core/Src/main.c:20:
../Drivers/STM32F7xx_HAL_Driver/Inc/stm32f7xx_hal_uart.h:1553:79: note: expected 'const uint8_t *' {aka 'const unsigned char *'} but argument is of type 'char *'
 1553 | HAL_StatusTypeDef HAL_UART_Transmit(UART_HandleTypeDef *huart, const uint8_t *pData, uint16_t Size, uint32_t Timeout);
      |                                                                ~~~~~~~~~~~~~~~^~~~~
../Core/Src/main.c:171:25: warning: incompatible implicit declaration of built-in function 'sprintf' [-Wbuiltin-declaration-mismatch]
  171 |                         sprintf(txt," - Duty cycle RGB | %.2f : %.2f : %.2f\r\n",dutyCycle_R,dutyCycle_G,dutyCycle_B);
      |                         ^~~~~~~
../Core/Src/main.c:171:25: note: include '<stdio.h>' or provide a declaration of 'sprintf'
../Core/Src/main.c:172:52: warning: pointer targets in passing argument 2 of 'HAL_UART_Transmit' differ in signedness [-Wpointer-sign]
  172 |                         HAL_UART_Transmit(&huart3, &ch1, 1, 1000);
      |                                                    ^~~~
      |                                                    |
      |                                                    char *
In file included from ../Core/Inc/stm32f7xx_hal_conf.h:415,
                 from ../Drivers/STM32F7xx_HAL_Driver/Inc/stm32f7xx_hal.h:29,
                 from ../Core/Inc/main.h:30,
                 from ../Core/Src/main.c:20:
../Drivers/STM32F7xx_HAL_Driver/Inc/stm32f7xx_hal_uart.h:1553:79: note: expected 'const uint8_t *' {aka 'const unsigned char *'} but argument is of type 'char *'
 1553 | HAL_StatusTypeDef HAL_UART_Transmit(UART_HandleTypeDef *huart, const uint8_t *pData, uint16_t Size, uint32_t Timeout);
      |                                                                ~~~~~~~~~~~~~~~^~~~~
../Core/Src/main.c:173:57: warning: incompatible implicit declaration of built-in function 'strlen' [-Wbuiltin-declaration-mismatch]
  173 |                         HAL_UART_Transmit(&huart3, txt, strlen(txt), 1000);
      |                                                         ^~~~~~
../Core/Src/main.c:173:57: note: include '<string.h>' or provide a declaration of 'strlen'
../Core/Src/main.c:173:52: warning: pointer targets in passing argument 2 of 'HAL_UART_Transmit' differ in signedness [-Wpointer-sign]
  173 |                         HAL_UART_Transmit(&huart3, txt, strlen(txt), 1000);
      |                                                    ^~~
      |                                                    |
      |                                                    char *
In file included from ../Core/Inc/stm32f7xx_hal_conf.h:415,
                 from ../Drivers/STM32F7xx_HAL_Driver/Inc/stm32f7xx_hal.h:29,
                 from ../Core/Inc/main.h:30,
                 from ../Core/Src/main.c:20:
../Drivers/STM32F7xx_HAL_Driver/Inc/stm32f7xx_hal_uart.h:1553:79: note: expected 'const uint8_t *' {aka 'const unsigned char *'} but argument is of type 'char *'
 1553 | HAL_StatusTypeDef HAL_UART_Transmit(UART_HandleTypeDef *huart, const uint8_t *pData, uint16_t Size, uint32_t Timeout);
      |                                                                ~~~~~~~~~~~~~~~^~~~~
../Core/Src/main.c: At top level:
../Core/Src/main.c:63:13: warning: 'MPU_Initialize' declared 'static' but never defined [-Wunused-function]
   63 | static void MPU_Initialize(void);
      |             ^~~~~~~~~~~~~~
arm-none-eabi-gcc -o "Lab07.elf" @"objects.list"   -mcpu=cortex-m7 -T"D:\KMITL\3D\MAD\MAD_Lab\Lab07\STM32F767ZITX_FLASH.ld" --specs=nosys.specs -Wl,-Map="Lab07.map" -Wl,--gc-sections -static --specs=nano.specs -mfpu=fpv5-d16 -mfloat-abi=hard -mthumb -u _printf_float -u _scanf_float -Wl,--start-group -lc -lm -Wl,--end-group
Finished building target: Lab07.elf
 
arm-none-eabi-size   Lab07.elf 
arm-none-eabi-objdump -h -S  Lab07.elf  > "Lab07.list"
   text	   data	    bss	    dec	    hex	filename
  37784	    476	   2340	  40600	   9e98	Lab07.elf
Finished building: default.size.stdout
 
Finished building: Lab07.list
 
02:29:55 **** Incremental Build of configuration Debug for project Lab07 ****
make -j16 all 
arm-none-eabi-size   Lab07.elf 
   text	   data	    bss	    dec	    hex	filename
  37784	    476	   2340	  40600	   9e98	Lab07.elf
Finished building: default.size.stdout
 
02:49:35 **** Incremental Build of configuration Debug for project Lab01 ****
make -j16 all 
arm-none-eabi-gcc "../Core/Src/gpio.c" -mcpu=cortex-m7 -std=gnu11 -g3 -DDEBUG -DUSE_HAL_DRIVER -DSTM32F767xx -c -I../Core/Inc -I../Drivers/STM32F7xx_HAL_Driver/Inc -I../Drivers/STM32F7xx_HAL_Driver/Inc/Legacy -I../Drivers/CMSIS/Device/ST/STM32F7xx/Include -I../Drivers/CMSIS/Include -O0 -ffunction-sections -fdata-sections -Wall -fstack-usage -fcyclomatic-complexity -MMD -MP -MF"Core/Src/gpio.d" -MT"Core/Src/gpio.o" --specs=nano.specs -mfpu=fpv5-d16 -mfloat-abi=hard -mthumb -o "Core/Src/gpio.o"
arm-none-eabi-gcc "../Core/Src/main.c" -mcpu=cortex-m7 -std=gnu11 -g3 -DDEBUG -DUSE_HAL_DRIVER -DSTM32F767xx -c -I../Core/Inc -I../Drivers/STM32F7xx_HAL_Driver/Inc -I../Drivers/STM32F7xx_HAL_Driver/Inc/Legacy -I../Drivers/CMSIS/Device/ST/STM32F7xx/Include -I../Drivers/CMSIS/Include -O0 -ffunction-sections -fdata-sections -Wall -fstack-usage -fcyclomatic-complexity -MMD -MP -MF"Core/Src/main.d" -MT"Core/Src/main.o" --specs=nano.specs -mfpu=fpv5-d16 -mfloat-abi=hard -mthumb -o "Core/Src/main.o"
../Core/Src/main.c:50:51: warning: excess elements in array initializer
   50 | uint8_t counting[3][8] = {{0,0,0},{0,0,1},{0,1,0},{0,1,1},{1,0,0},{1,0,1},{1,1,0},{1,1,1}};
      |                                                   ^
../Core/Src/main.c:50:51: note: (near initialization for 'counting')
../Core/Src/main.c:50:59: warning: excess elements in array initializer
   50 | uint8_t counting[3][8] = {{0,0,0},{0,0,1},{0,1,0},{0,1,1},{1,0,0},{1,0,1},{1,1,0},{1,1,1}};
      |                                                           ^
../Core/Src/main.c:50:59: note: (near initialization for 'counting')
../Core/Src/main.c:50:67: warning: excess elements in array initializer
   50 | uint8_t counting[3][8] = {{0,0,0},{0,0,1},{0,1,0},{0,1,1},{1,0,0},{1,0,1},{1,1,0},{1,1,1}};
      |                                                                   ^
../Core/Src/main.c:50:67: note: (near initialization for 'counting')
../Core/Src/main.c:50:75: warning: excess elements in array initializer
   50 | uint8_t counting[3][8] = {{0,0,0},{0,0,1},{0,1,0},{0,1,1},{1,0,0},{1,0,1},{1,1,0},{1,1,1}};
      |                                                                           ^
../Core/Src/main.c:50:75: note: (near initialization for 'counting')
../Core/Src/main.c:50:83: warning: excess elements in array initializer
   50 | uint8_t counting[3][8] = {{0,0,0},{0,0,1},{0,1,0},{0,1,1},{1,0,0},{1,0,1},{1,1,0},{1,1,1}};
      |                                                                                   ^
../Core/Src/main.c:50:83: note: (near initialization for 'counting')
arm-none-eabi-gcc -o "Lab01.elf" @"objects.list"   -mcpu=cortex-m7 -T"D:\KMITL\3D\MAD\MAD_Lab\Lab01\STM32F767ZITX_FLASH.ld" --specs=nosys.specs -Wl,-Map="Lab01.map" -Wl,--gc-sections -static --specs=nano.specs -mfpu=fpv5-d16 -mfloat-abi=hard -mthumb -Wl,--start-group -lc -lm -Wl,--end-group
Finished building target: Lab01.elf
 
arm-none-eabi-size   Lab01.elf 
arm-none-eabi-objdump -h -S  Lab01.elf  > "Lab01.list"
   text	   data	    bss	    dec	    hex	filename
   6204	     20	   1572	   7796	   1e74	Lab01.elf
Finished building: default.size.stdout
 
Finished building: Lab01.list
 
02:49:48 **** Incremental Build of configuration Debug for project Lab01 ****
make -j16 all 
arm-none-eabi-gcc "../Core/Src/main.c" -mcpu=cortex-m7 -std=gnu11 -g3 -DDEBUG -DUSE_HAL_DRIVER -DSTM32F767xx -c -I../Core/Inc -I../Drivers/STM32F7xx_HAL_Driver/Inc -I../Drivers/STM32F7xx_HAL_Driver/Inc/Legacy -I../Drivers/CMSIS/Device/ST/STM32F7xx/Include -I../Drivers/CMSIS/Include -O0 -ffunction-sections -fdata-sections -Wall -fstack-usage -fcyclomatic-complexity -MMD -MP -MF"Core/Src/main.d" -MT"Core/Src/main.o" --specs=nano.specs -mfpu=fpv5-d16 -mfloat-abi=hard -mthumb -o "Core/Src/main.o"
arm-none-eabi-gcc -o "Lab01.elf" @"objects.list"   -mcpu=cortex-m7 -T"D:\KMITL\3D\MAD\MAD_Lab\Lab01\STM32F767ZITX_FLASH.ld" --specs=nosys.specs -Wl,-Map="Lab01.map" -Wl,--gc-sections -static --specs=nano.specs -mfpu=fpv5-d16 -mfloat-abi=hard -mthumb -Wl,--start-group -lc -lm -Wl,--end-group
Finished building target: Lab01.elf
 
arm-none-eabi-size   Lab01.elf 
arm-none-eabi-objdump -h -S  Lab01.elf  > "Lab01.list"
   text	   data	    bss	    dec	    hex	filename
   6204	     20	   1572	   7796	   1e74	Lab01.elf
Finished building: default.size.stdout
 
Finished building: Lab01.list
 
02:51:54 **** Incremental Build of configuration Debug for project Lab01 ****
make -j16 all 
arm-none-eabi-gcc "../Core/Src/main.c" -mcpu=cortex-m7 -std=gnu11 -g3 -DDEBUG -DUSE_HAL_DRIVER -DSTM32F767xx -c -I../Core/Inc -I../Drivers/STM32F7xx_HAL_Driver/Inc -I../Drivers/STM32F7xx_HAL_Driver/Inc/Legacy -I../Drivers/CMSIS/Device/ST/STM32F7xx/Include -I../Drivers/CMSIS/Include -O0 -ffunction-sections -fdata-sections -Wall -fstack-usage -fcyclomatic-complexity -MMD -MP -MF"Core/Src/main.d" -MT"Core/Src/main.o" --specs=nano.specs -mfpu=fpv5-d16 -mfloat-abi=hard -mthumb -o "Core/Src/main.o"
arm-none-eabi-gcc -o "Lab01.elf" @"objects.list"   -mcpu=cortex-m7 -T"D:\KMITL\3D\MAD\MAD_Lab\Lab01\STM32F767ZITX_FLASH.ld" --specs=nosys.specs -Wl,-Map="Lab01.map" -Wl,--gc-sections -static --specs=nano.specs -mfpu=fpv5-d16 -mfloat-abi=hard -mthumb -Wl,--start-group -lc -lm -Wl,--end-group
Finished building target: Lab01.elf
 
arm-none-eabi-size   Lab01.elf 
arm-none-eabi-objdump -h -S  Lab01.elf  > "Lab01.list"
   text	   data	    bss	    dec	    hex	filename
   6256	     44	   1572	   7872	   1ec0	Lab01.elf
Finished building: default.size.stdout
 
Finished building: Lab01.list
 
02:52:36 **** Incremental Build of configuration Debug for project Lab01 ****
make -j16 all 
arm-none-eabi-gcc "../Core/Src/main.c" -mcpu=cortex-m7 -std=gnu11 -g3 -DDEBUG -DUSE_HAL_DRIVER -DSTM32F767xx -c -I../Core/Inc -I../Drivers/STM32F7xx_HAL_Driver/Inc -I../Drivers/STM32F7xx_HAL_Driver/Inc/Legacy -I../Drivers/CMSIS/Device/ST/STM32F7xx/Include -I../Drivers/CMSIS/Include -O0 -ffunction-sections -fdata-sections -Wall -fstack-usage -fcyclomatic-complexity -MMD -MP -MF"Core/Src/main.d" -MT"Core/Src/main.o" --specs=nano.specs -mfpu=fpv5-d16 -mfloat-abi=hard -mthumb -o "Core/Src/main.o"
arm-none-eabi-gcc -o "Lab01.elf" @"objects.list"   -mcpu=cortex-m7 -T"D:\KMITL\3D\MAD\MAD_Lab\Lab01\STM32F767ZITX_FLASH.ld" --specs=nosys.specs -Wl,-Map="Lab01.map" -Wl,--gc-sections -static --specs=nano.specs -mfpu=fpv5-d16 -mfloat-abi=hard -mthumb -Wl,--start-group -lc -lm -Wl,--end-group
Finished building target: Lab01.elf
 
arm-none-eabi-size   Lab01.elf 
arm-none-eabi-objdump -h -S  Lab01.elf  > "Lab01.list"
   text	   data	    bss	    dec	    hex	filename
   6256	     44	   1572	   7872	   1ec0	Lab01.elf
Finished building: default.size.stdout
 
Finished building: Lab01.list
 
02:56:00 **** Incremental Build of configuration Debug for project Lab01 ****
make -j16 all 
arm-none-eabi-gcc "../Core/Src/main.c" -mcpu=cortex-m7 -std=gnu11 -g3 -DDEBUG -DUSE_HAL_DRIVER -DSTM32F767xx -c -I../Core/Inc -I../Drivers/STM32F7xx_HAL_Driver/Inc -I../Drivers/STM32F7xx_HAL_Driver/Inc/Legacy -I../Drivers/CMSIS/Device/ST/STM32F7xx/Include -I../Drivers/CMSIS/Include -O0 -ffunction-sections -fdata-sections -Wall -fstack-usage -fcyclomatic-complexity -MMD -MP -MF"Core/Src/main.d" -MT"Core/Src/main.o" --specs=nano.specs -mfpu=fpv5-d16 -mfloat-abi=hard -mthumb -o "Core/Src/main.o"
arm-none-eabi-gcc -o "Lab01.elf" @"objects.list"   -mcpu=cortex-m7 -T"D:\KMITL\3D\MAD\MAD_Lab\Lab01\STM32F767ZITX_FLASH.ld" --specs=nosys.specs -Wl,-Map="Lab01.map" -Wl,--gc-sections -static --specs=nano.specs -mfpu=fpv5-d16 -mfloat-abi=hard -mthumb -Wl,--start-group -lc -lm -Wl,--end-group
Finished building target: Lab01.elf
 
arm-none-eabi-size   Lab01.elf 
arm-none-eabi-objdump -h -S  Lab01.elf  > "Lab01.list"
   text	   data	    bss	    dec	    hex	filename
   6336	     44	   1572	   7952	   1f10	Lab01.elf
Finished building: default.size.stdout
 
Finished building: Lab01.list
 
02:57:03 **** Incremental Build of configuration Debug for project Lab01 ****
make -j16 all 
arm-none-eabi-size   Lab01.elf 
   text	   data	    bss	    dec	    hex	filename
   6336	     44	   1572	   7952	   1f10	Lab01.elf
Finished building: default.size.stdout
 
02:59:08 **** Incremental Build of configuration Debug for project Lab01 ****
make -j16 all 
arm-none-eabi-gcc "../Core/Src/main.c" -mcpu=cortex-m7 -std=gnu11 -g3 -DDEBUG -DUSE_HAL_DRIVER -DSTM32F767xx -c -I../Core/Inc -I../Drivers/STM32F7xx_HAL_Driver/Inc -I../Drivers/STM32F7xx_HAL_Driver/Inc/Legacy -I../Drivers/CMSIS/Device/ST/STM32F7xx/Include -I../Drivers/CMSIS/Include -O0 -ffunction-sections -fdata-sections -Wall -fstack-usage -fcyclomatic-complexity -MMD -MP -MF"Core/Src/main.d" -MT"Core/Src/main.o" --specs=nano.specs -mfpu=fpv5-d16 -mfloat-abi=hard -mthumb -o "Core/Src/main.o"
arm-none-eabi-gcc -o "Lab01.elf" @"objects.list"   -mcpu=cortex-m7 -T"D:\KMITL\3D\MAD\MAD_Lab\Lab01\STM32F767ZITX_FLASH.ld" --specs=nosys.specs -Wl,-Map="Lab01.map" -Wl,--gc-sections -static --specs=nano.specs -mfpu=fpv5-d16 -mfloat-abi=hard -mthumb -Wl,--start-group -lc -lm -Wl,--end-group
Finished building target: Lab01.elf
 
arm-none-eabi-size   Lab01.elf 
arm-none-eabi-objdump -h -S  Lab01.elf  > "Lab01.list"
   text	   data	    bss	    dec	    hex	filename
   6356	     44	   1572	   7972	   1f24	Lab01.elf
Finished building: default.size.stdout
 
Finished building: Lab01.list
 
03:00:09 **** Incremental Build of configuration Debug for project Lab01 ****
make -j16 all 
arm-none-eabi-gcc "../Core/Src/main.c" -mcpu=cortex-m7 -std=gnu11 -g3 -DDEBUG -DUSE_HAL_DRIVER -DSTM32F767xx -c -I../Core/Inc -I../Drivers/STM32F7xx_HAL_Driver/Inc -I../Drivers/STM32F7xx_HAL_Driver/Inc/Legacy -I../Drivers/CMSIS/Device/ST/STM32F7xx/Include -I../Drivers/CMSIS/Include -O0 -ffunction-sections -fdata-sections -Wall -fstack-usage -fcyclomatic-complexity -MMD -MP -MF"Core/Src/main.d" -MT"Core/Src/main.o" --specs=nano.specs -mfpu=fpv5-d16 -mfloat-abi=hard -mthumb -o "Core/Src/main.o"
arm-none-eabi-gcc -o "Lab01.elf" @"objects.list"   -mcpu=cortex-m7 -T"D:\KMITL\3D\MAD\MAD_Lab\Lab01\STM32F767ZITX_FLASH.ld" --specs=nosys.specs -Wl,-Map="Lab01.map" -Wl,--gc-sections -static --specs=nano.specs -mfpu=fpv5-d16 -mfloat-abi=hard -mthumb -Wl,--start-group -lc -lm -Wl,--end-group
Finished building target: Lab01.elf
 
arm-none-eabi-size   Lab01.elf 
arm-none-eabi-objdump -h -S  Lab01.elf  > "Lab01.list"
   text	   data	    bss	    dec	    hex	filename
   6356	     44	   1572	   7972	   1f24	Lab01.elf
Finished building: default.size.stdout
 
Finished building: Lab01.list
 
